Archive member included to satisfy reference by file (symbol)

/home/student/eclipse-workspace/Tiva_C_LaunchPad/SW-EK-TM4C123GXL-2.1.4.178/driverlib/gcc/libdriver.a(gpio.o)
                              ./src/main.o (GPIOPinWrite)
/home/student/eclipse-workspace/Tiva_C_LaunchPad/SW-EK-TM4C123GXL-2.1.4.178/driverlib/gcc/libdriver.a(interrupt.o)
                              /home/student/eclipse-workspace/Tiva_C_LaunchPad/SW-EK-TM4C123GXL-2.1.4.178/driverlib/gcc/libdriver.a(gpio.o) (IntRegister)
/home/student/eclipse-workspace/Tiva_C_LaunchPad/SW-EK-TM4C123GXL-2.1.4.178/driverlib/gcc/libdriver.a(sysctl.o)
                              ./SW-EK-TM4C123GXL-2.1.4.178/utils/uartstdio.o (SysCtlPeripheralPresent)
/home/student/eclipse-workspace/Tiva_C_LaunchPad/SW-EK-TM4C123GXL-2.1.4.178/driverlib/gcc/libdriver.a(uart.o)
                              ./SW-EK-TM4C123GXL-2.1.4.178/utils/uartstdio.o (UARTEnable)
/home/student/eclipse-workspace/Tiva_C_LaunchPad/SW-EK-TM4C123GXL-2.1.4.178/driverlib/gcc/libdriver.a(cpu.o)
                              /home/student/eclipse-workspace/Tiva_C_LaunchPad/SW-EK-TM4C123GXL-2.1.4.178/driverlib/gcc/libdriver.a(interrupt.o) (CPUcpsid)
/usr/lib/gcc/arm-none-eabi/5.4.1/../../../arm-none-eabi/lib/armv7e-m/fpu/libg.a(lib_a-atexit.o)
                              /usr/lib/gcc/arm-none-eabi/5.4.1/../../../arm-none-eabi/lib/armv7e-m/fpu/crt0.o (atexit)
/usr/lib/gcc/arm-none-eabi/5.4.1/../../../arm-none-eabi/lib/armv7e-m/fpu/libg.a(lib_a-exit.o)
                              /usr/lib/gcc/arm-none-eabi/5.4.1/../../../arm-none-eabi/lib/armv7e-m/fpu/crt0.o (exit)
/usr/lib/gcc/arm-none-eabi/5.4.1/../../../arm-none-eabi/lib/armv7e-m/fpu/libg.a(lib_a-fini.o)
                              /usr/lib/gcc/arm-none-eabi/5.4.1/../../../arm-none-eabi/lib/armv7e-m/fpu/crt0.o (__libc_fini_array)
/usr/lib/gcc/arm-none-eabi/5.4.1/../../../arm-none-eabi/lib/armv7e-m/fpu/libg.a(lib_a-impure.o)
                              /usr/lib/gcc/arm-none-eabi/5.4.1/../../../arm-none-eabi/lib/armv7e-m/fpu/libg.a(lib_a-exit.o) (_global_impure_ptr)
/usr/lib/gcc/arm-none-eabi/5.4.1/../../../arm-none-eabi/lib/armv7e-m/fpu/libg.a(lib_a-init.o)
                              /usr/lib/gcc/arm-none-eabi/5.4.1/../../../arm-none-eabi/lib/armv7e-m/fpu/crt0.o (__libc_init_array)
/usr/lib/gcc/arm-none-eabi/5.4.1/../../../arm-none-eabi/lib/armv7e-m/fpu/libg.a(lib_a-itoa.o)
                              ./src/main.o (itoa)
/usr/lib/gcc/arm-none-eabi/5.4.1/../../../arm-none-eabi/lib/armv7e-m/fpu/libg.a(lib_a-memset.o)
                              /usr/lib/gcc/arm-none-eabi/5.4.1/../../../arm-none-eabi/lib/armv7e-m/fpu/crt0.o (memset)
/usr/lib/gcc/arm-none-eabi/5.4.1/../../../arm-none-eabi/lib/armv7e-m/fpu/libg.a(lib_a-utoa.o)
                              /usr/lib/gcc/arm-none-eabi/5.4.1/../../../arm-none-eabi/lib/armv7e-m/fpu/libg.a(lib_a-itoa.o) (__utoa)
/usr/lib/gcc/arm-none-eabi/5.4.1/../../../arm-none-eabi/lib/armv7e-m/fpu/libg.a(lib_a-__atexit.o)
                              /usr/lib/gcc/arm-none-eabi/5.4.1/../../../arm-none-eabi/lib/armv7e-m/fpu/libg.a(lib_a-atexit.o) (__register_exitproc)
/usr/lib/gcc/arm-none-eabi/5.4.1/../../../arm-none-eabi/lib/armv7e-m/fpu/libg.a(lib_a-__call_atexit.o)
                              /usr/lib/gcc/arm-none-eabi/5.4.1/../../../arm-none-eabi/lib/armv7e-m/fpu/libg.a(lib_a-exit.o) (__call_exitprocs)

Allocating common symbols
Common symbol       size              file

beslik              0x4               ./src/main.o
metelik             0x4               ./src/main.o
yirmilik            0x4               ./src/main.o
kurusluk            0x4               ./src/main.o
birlik              0x4               ./src/main.o
onluk               0x4               ./src/main.o
ceyreklik           0x4               ./src/main.o
delik               0x4               ./src/main.o
yarimlik            0x4               ./src/main.o

Discarded input sections

 .text          0x0000000000000000        0x0 /usr/lib/gcc/arm-none-eabi/5.4.1/armv7e-m/fpu/crti.o
 .data          0x0000000000000000        0x0 /usr/lib/gcc/arm-none-eabi/5.4.1/armv7e-m/fpu/crti.o
 .bss           0x0000000000000000        0x0 /usr/lib/gcc/arm-none-eabi/5.4.1/armv7e-m/fpu/crti.o
 .text          0x0000000000000000       0xa4 /usr/lib/gcc/arm-none-eabi/5.4.1/armv7e-m/fpu/crtbegin.o
 .data          0x0000000000000000        0x4 /usr/lib/gcc/arm-none-eabi/5.4.1/armv7e-m/fpu/crtbegin.o
 .bss           0x0000000000000000       0x1c /usr/lib/gcc/arm-none-eabi/5.4.1/armv7e-m/fpu/crtbegin.o
 .init_array    0x0000000000000000        0x4 /usr/lib/gcc/arm-none-eabi/5.4.1/armv7e-m/fpu/crtbegin.o
 .fini_array    0x0000000000000000        0x4 /usr/lib/gcc/arm-none-eabi/5.4.1/armv7e-m/fpu/crtbegin.o
 .eh_frame      0x0000000000000000        0x0 /usr/lib/gcc/arm-none-eabi/5.4.1/armv7e-m/fpu/crtbegin.o
 .jcr           0x0000000000000000        0x0 /usr/lib/gcc/arm-none-eabi/5.4.1/armv7e-m/fpu/crtbegin.o
 .tm_clone_table
                0x0000000000000000        0x0 /usr/lib/gcc/arm-none-eabi/5.4.1/armv7e-m/fpu/crtbegin.o
 .comment       0x0000000000000000       0x2c /usr/lib/gcc/arm-none-eabi/5.4.1/armv7e-m/fpu/crtbegin.o
 .ARM.attributes
                0x0000000000000000       0x34 /usr/lib/gcc/arm-none-eabi/5.4.1/armv7e-m/fpu/crtbegin.o
 .text          0x0000000000000000       0x68 /usr/lib/gcc/arm-none-eabi/5.4.1/../../../arm-none-eabi/lib/armv7e-m/fpu/crt0.o
 .data          0x0000000000000000        0x0 /usr/lib/gcc/arm-none-eabi/5.4.1/../../../arm-none-eabi/lib/armv7e-m/fpu/crt0.o
 .bss           0x0000000000000000        0x0 /usr/lib/gcc/arm-none-eabi/5.4.1/../../../arm-none-eabi/lib/armv7e-m/fpu/crt0.o
 .ARM.extab     0x0000000000000000        0x0 /usr/lib/gcc/arm-none-eabi/5.4.1/../../../arm-none-eabi/lib/armv7e-m/fpu/crt0.o
 .ARM.exidx     0x0000000000000000        0x8 /usr/lib/gcc/arm-none-eabi/5.4.1/../../../arm-none-eabi/lib/armv7e-m/fpu/crt0.o
 .debug_line    0x0000000000000000       0x7e /usr/lib/gcc/arm-none-eabi/5.4.1/../../../arm-none-eabi/lib/armv7e-m/fpu/crt0.o
 .debug_info    0x0000000000000000       0xa5 /usr/lib/gcc/arm-none-eabi/5.4.1/../../../arm-none-eabi/lib/armv7e-m/fpu/crt0.o
 .debug_abbrev  0x0000000000000000       0x14 /usr/lib/gcc/arm-none-eabi/5.4.1/../../../arm-none-eabi/lib/armv7e-m/fpu/crt0.o
 .debug_aranges
                0x0000000000000000       0x20 /usr/lib/gcc/arm-none-eabi/5.4.1/../../../arm-none-eabi/lib/armv7e-m/fpu/crt0.o
 .ARM.attributes
                0x0000000000000000       0x20 /usr/lib/gcc/arm-none-eabi/5.4.1/../../../arm-none-eabi/lib/armv7e-m/fpu/crt0.o
 .group         0x0000000000000000        0x8 ./src/main.o
 .group         0x0000000000000000        0x8 ./src/main.o
 .group         0x0000000000000000        0x8 ./src/main.o
 .group         0x0000000000000000        0x8 ./src/main.o
 .group         0x0000000000000000        0x8 ./src/main.o
 .group         0x0000000000000000        0x8 ./src/main.o
 .group         0x0000000000000000        0x8 ./src/main.o
 .group         0x0000000000000000        0x8 ./src/main.o
 .group         0x0000000000000000        0x8 ./src/main.o
 .group         0x0000000000000000        0x8 ./src/main.o
 .group         0x0000000000000000        0x8 ./src/main.o
 .group         0x0000000000000000        0x8 ./src/main.o
 .group         0x0000000000000000        0x8 ./src/main.o
 .group         0x0000000000000000        0x8 ./src/main.o
 .group         0x0000000000000000        0x8 ./src/main.o
 .group         0x0000000000000000        0x8 ./src/main.o
 .group         0x0000000000000000        0x8 ./src/main.o
 .group         0x0000000000000000        0x8 ./src/main.o
 .group         0x0000000000000000        0x8 ./src/main.o
 .group         0x0000000000000000        0x8 ./src/main.o
 .group         0x0000000000000000        0x8 ./src/main.o
 .group         0x0000000000000000        0x8 ./src/main.o
 .group         0x0000000000000000        0x8 ./src/main.o
 .group         0x0000000000000000        0x8 ./src/main.o
 .group         0x0000000000000000        0x8 ./src/main.o
 .group         0x0000000000000000        0x8 ./src/main.o
 .group         0x0000000000000000        0x8 ./src/main.o
 .group         0x0000000000000000        0x8 ./src/main.o
 .group         0x0000000000000000        0x8 ./src/main.o
 .group         0x0000000000000000        0x8 ./src/main.o
 .group         0x0000000000000000        0x8 ./src/main.o
 .group         0x0000000000000000        0x8 ./src/main.o
 .group         0x0000000000000000        0x8 ./src/main.o
 .group         0x0000000000000000        0x8 ./src/main.o
 .group         0x0000000000000000        0x8 ./src/main.o
 .group         0x0000000000000000        0x8 ./src/main.o
 .group         0x0000000000000000        0x8 ./src/main.o
 .group         0x0000000000000000        0x8 ./src/main.o
 .group         0x0000000000000000        0x8 ./src/main.o
 .group         0x0000000000000000        0x8 ./src/main.o
 .group         0x0000000000000000        0x8 ./src/main.o
 .group         0x0000000000000000        0x8 ./src/main.o
 .group         0x0000000000000000        0x8 ./src/main.o
 .text          0x0000000000000000        0x0 ./src/main.o
 .data          0x0000000000000000        0x0 ./src/main.o
 .bss           0x0000000000000000        0x0 ./src/main.o
 .group         0x0000000000000000        0x8 ./src/startup_gcc.o
 .group         0x0000000000000000        0x8 ./src/startup_gcc.o
 .group         0x0000000000000000        0x8 ./src/startup_gcc.o
 .group         0x0000000000000000        0x8 ./src/startup_gcc.o
 .group         0x0000000000000000        0x8 ./src/startup_gcc.o
 .group         0x0000000000000000        0x8 ./src/startup_gcc.o
 .group         0x0000000000000000        0x8 ./src/startup_gcc.o
 .group         0x0000000000000000        0x8 ./src/startup_gcc.o
 .group         0x0000000000000000        0x8 ./src/startup_gcc.o
 .text          0x0000000000000000        0x0 ./src/startup_gcc.o
 .data          0x0000000000000000        0x0 ./src/startup_gcc.o
 .bss           0x0000000000000000        0x0 ./src/startup_gcc.o
 .debug_macro   0x0000000000000000      0x880 ./src/startup_gcc.o
 .debug_macro   0x0000000000000000       0x22 ./src/startup_gcc.o
 .debug_macro   0x0000000000000000       0x87 ./src/startup_gcc.o
 .debug_macro   0x0000000000000000       0x44 ./src/startup_gcc.o
 .debug_macro   0x0000000000000000       0xfd ./src/startup_gcc.o
 .debug_macro   0x0000000000000000       0x5e ./src/startup_gcc.o
 .debug_macro   0x0000000000000000      0x1df ./src/startup_gcc.o
 .debug_macro   0x0000000000000000       0x67 ./src/startup_gcc.o
 .group         0x0000000000000000        0x8 ./SW-EK-TM4C123GXL-2.1.4.178/utils/uartstdio.o
 .group         0x0000000000000000        0x8 ./SW-EK-TM4C123GXL-2.1.4.178/utils/uartstdio.o
 .group         0x0000000000000000        0x8 ./SW-EK-TM4C123GXL-2.1.4.178/utils/uartstdio.o
 .group         0x0000000000000000        0x8 ./SW-EK-TM4C123GXL-2.1.4.178/utils/uartstdio.o
 .group         0x0000000000000000        0x8 ./SW-EK-TM4C123GXL-2.1.4.178/utils/uartstdio.o
 .group         0x0000000000000000        0x8 ./SW-EK-TM4C123GXL-2.1.4.178/utils/uartstdio.o
 .group         0x0000000000000000        0x8 ./SW-EK-TM4C123GXL-2.1.4.178/utils/uartstdio.o
 .group         0x0000000000000000        0x8 ./SW-EK-TM4C123GXL-2.1.4.178/utils/uartstdio.o
 .group         0x0000000000000000        0x8 ./SW-EK-TM4C123GXL-2.1.4.178/utils/uartstdio.o
 .group         0x0000000000000000        0x8 ./SW-EK-TM4C123GXL-2.1.4.178/utils/uartstdio.o
 .group         0x0000000000000000        0x8 ./SW-EK-TM4C123GXL-2.1.4.178/utils/uartstdio.o
 .group         0x0000000000000000        0x8 ./SW-EK-TM4C123GXL-2.1.4.178/utils/uartstdio.o
 .group         0x0000000000000000        0x8 ./SW-EK-TM4C123GXL-2.1.4.178/utils/uartstdio.o
 .group         0x0000000000000000        0x8 ./SW-EK-TM4C123GXL-2.1.4.178/utils/uartstdio.o
 .group         0x0000000000000000        0x8 ./SW-EK-TM4C123GXL-2.1.4.178/utils/uartstdio.o
 .group         0x0000000000000000        0x8 ./SW-EK-TM4C123GXL-2.1.4.178/utils/uartstdio.o
 .group         0x0000000000000000        0x8 ./SW-EK-TM4C123GXL-2.1.4.178/utils/uartstdio.o
 .group         0x0000000000000000        0x8 ./SW-EK-TM4C123GXL-2.1.4.178/utils/uartstdio.o
 .group         0x0000000000000000        0x8 ./SW-EK-TM4C123GXL-2.1.4.178/utils/uartstdio.o
 .text          0x0000000000000000        0x0 ./SW-EK-TM4C123GXL-2.1.4.178/utils/uartstdio.o
 .data          0x0000000000000000        0x0 ./SW-EK-TM4C123GXL-2.1.4.178/utils/uartstdio.o
 .bss           0x0000000000000000        0x0 ./SW-EK-TM4C123GXL-2.1.4.178/utils/uartstdio.o
 .bss.g_ui32Base
                0x0000000000000000        0x4 ./SW-EK-TM4C123GXL-2.1.4.178/utils/uartstdio.o
 .rodata        0x0000000000000000       0x26 ./SW-EK-TM4C123GXL-2.1.4.178/utils/uartstdio.o
 .rodata.g_pcHex
                0x0000000000000000        0x4 ./SW-EK-TM4C123GXL-2.1.4.178/utils/uartstdio.o
 .rodata.g_ui32UARTBase
                0x0000000000000000        0xc ./SW-EK-TM4C123GXL-2.1.4.178/utils/uartstdio.o
 .rodata.g_ui32UARTPeriph
                0x0000000000000000        0xc ./SW-EK-TM4C123GXL-2.1.4.178/utils/uartstdio.o
 .text.UARTStdioConfig
                0x0000000000000000       0x70 ./SW-EK-TM4C123GXL-2.1.4.178/utils/uartstdio.o
 .text.UARTwrite
                0x0000000000000000       0x5c ./SW-EK-TM4C123GXL-2.1.4.178/utils/uartstdio.o
 .text.UARTgets
                0x0000000000000000       0xdc ./SW-EK-TM4C123GXL-2.1.4.178/utils/uartstdio.o
 .text.UARTgetc
                0x0000000000000000       0x1c ./SW-EK-TM4C123GXL-2.1.4.178/utils/uartstdio.o
 .text.UARTvprintf
                0x0000000000000000      0x400 ./SW-EK-TM4C123GXL-2.1.4.178/utils/uartstdio.o
 .text.UARTprintf
                0x0000000000000000       0x24 ./SW-EK-TM4C123GXL-2.1.4.178/utils/uartstdio.o
 .bss.bLastWasCR.4544
                0x0000000000000000        0x1 ./SW-EK-TM4C123GXL-2.1.4.178/utils/uartstdio.o
 .debug_info    0x0000000000000000      0x38f ./SW-EK-TM4C123GXL-2.1.4.178/utils/uartstdio.o
 .debug_abbrev  0x0000000000000000      0x10e ./SW-EK-TM4C123GXL-2.1.4.178/utils/uartstdio.o
 .debug_aranges
                0x0000000000000000       0x48 ./SW-EK-TM4C123GXL-2.1.4.178/utils/uartstdio.o
 .debug_ranges  0x0000000000000000       0x38 ./SW-EK-TM4C123GXL-2.1.4.178/utils/uartstdio.o
 .debug_macro   0x0000000000000000       0xd9 ./SW-EK-TM4C123GXL-2.1.4.178/utils/uartstdio.o
 .debug_macro   0x0000000000000000      0x880 ./SW-EK-TM4C123GXL-2.1.4.178/utils/uartstdio.o
 .debug_macro   0x0000000000000000       0x22 ./SW-EK-TM4C123GXL-2.1.4.178/utils/uartstdio.o
 .debug_macro   0x0000000000000000       0x22 ./SW-EK-TM4C123GXL-2.1.4.178/utils/uartstdio.o
 .debug_macro   0x0000000000000000       0x87 ./SW-EK-TM4C123GXL-2.1.4.178/utils/uartstdio.o
 .debug_macro   0x0000000000000000       0x44 ./SW-EK-TM4C123GXL-2.1.4.178/utils/uartstdio.o
 .debug_macro   0x0000000000000000       0xfd ./SW-EK-TM4C123GXL-2.1.4.178/utils/uartstdio.o
 .debug_macro   0x0000000000000000       0x5e ./SW-EK-TM4C123GXL-2.1.4.178/utils/uartstdio.o
 .debug_macro   0x0000000000000000      0x1df ./SW-EK-TM4C123GXL-2.1.4.178/utils/uartstdio.o
 .debug_macro   0x0000000000000000       0x58 ./SW-EK-TM4C123GXL-2.1.4.178/utils/uartstdio.o
 .debug_macro   0x0000000000000000      0x946 ./SW-EK-TM4C123GXL-2.1.4.178/utils/uartstdio.o
 .debug_macro   0x0000000000000000      0x25e ./SW-EK-TM4C123GXL-2.1.4.178/utils/uartstdio.o
 .debug_macro   0x0000000000000000       0x67 ./SW-EK-TM4C123GXL-2.1.4.178/utils/uartstdio.o
 .debug_macro   0x0000000000000000      0x42a ./SW-EK-TM4C123GXL-2.1.4.178/utils/uartstdio.o
 .debug_macro   0x0000000000000000       0x10 ./SW-EK-TM4C123GXL-2.1.4.178/utils/uartstdio.o
 .debug_macro   0x0000000000000000       0x10 ./SW-EK-TM4C123GXL-2.1.4.178/utils/uartstdio.o
 .debug_macro   0x0000000000000000       0xdc ./SW-EK-TM4C123GXL-2.1.4.178/utils/uartstdio.o
 .debug_macro   0x0000000000000000     0x1816 ./SW-EK-TM4C123GXL-2.1.4.178/utils/uartstdio.o
 .debug_macro   0x0000000000000000      0xa88 ./SW-EK-TM4C123GXL-2.1.4.178/utils/uartstdio.o
 .debug_macro   0x0000000000000000      0x17a ./SW-EK-TM4C123GXL-2.1.4.178/utils/uartstdio.o
 .debug_line    0x0000000000000000      0x46d ./SW-EK-TM4C123GXL-2.1.4.178/utils/uartstdio.o
 .debug_str     0x0000000000000000    0x14922 ./SW-EK-TM4C123GXL-2.1.4.178/utils/uartstdio.o
 .comment       0x0000000000000000       0x2c ./SW-EK-TM4C123GXL-2.1.4.178/utils/uartstdio.o
 .debug_frame   0x0000000000000000       0xfc ./SW-EK-TM4C123GXL-2.1.4.178/utils/uartstdio.o
 .ARM.attributes
                0x0000000000000000       0x39 ./SW-EK-TM4C123GXL-2.1.4.178/utils/uartstdio.o
 .text          0x0000000000000000        0x0 /home/student/eclipse-workspace/Tiva_C_LaunchPad/SW-EK-TM4C123GXL-2.1.4.178/driverlib/gcc/libdriver.a(gpio.o)
 .data          0x0000000000000000        0x0 /home/student/eclipse-workspace/Tiva_C_LaunchPad/SW-EK-TM4C123GXL-2.1.4.178/driverlib/gcc/libdriver.a(gpio.o)
 .bss           0x0000000000000000        0x0 /home/student/eclipse-workspace/Tiva_C_LaunchPad/SW-EK-TM4C123GXL-2.1.4.178/driverlib/gcc/libdriver.a(gpio.o)
 .text._GPIOIntNumberGet
                0x0000000000000000       0x48 /home/student/eclipse-workspace/Tiva_C_LaunchPad/SW-EK-TM4C123GXL-2.1.4.178/driverlib/gcc/libdriver.a(gpio.o)
 .text.GPIODirModeGet
                0x0000000000000000       0x24 /home/student/eclipse-workspace/Tiva_C_LaunchPad/SW-EK-TM4C123GXL-2.1.4.178/driverlib/gcc/libdriver.a(gpio.o)
 .text.GPIOIntTypeSet
                0x0000000000000000       0x5a /home/student/eclipse-workspace/Tiva_C_LaunchPad/SW-EK-TM4C123GXL-2.1.4.178/driverlib/gcc/libdriver.a(gpio.o)
 .text.GPIOIntTypeGet
                0x0000000000000000       0x4a /home/student/eclipse-workspace/Tiva_C_LaunchPad/SW-EK-TM4C123GXL-2.1.4.178/driverlib/gcc/libdriver.a(gpio.o)
 .text.GPIOPadConfigGet
                0x0000000000000000       0xc4 /home/student/eclipse-workspace/Tiva_C_LaunchPad/SW-EK-TM4C123GXL-2.1.4.178/driverlib/gcc/libdriver.a(gpio.o)
 .text.GPIOIntEnable
                0x0000000000000000        0xc /home/student/eclipse-workspace/Tiva_C_LaunchPad/SW-EK-TM4C123GXL-2.1.4.178/driverlib/gcc/libdriver.a(gpio.o)
 .text.GPIOIntDisable
                0x0000000000000000        0xe /home/student/eclipse-workspace/Tiva_C_LaunchPad/SW-EK-TM4C123GXL-2.1.4.178/driverlib/gcc/libdriver.a(gpio.o)
 .text.GPIOIntStatus
                0x0000000000000000        0xe /home/student/eclipse-workspace/Tiva_C_LaunchPad/SW-EK-TM4C123GXL-2.1.4.178/driverlib/gcc/libdriver.a(gpio.o)
 .text.GPIOIntClear
                0x0000000000000000        0x6 /home/student/eclipse-workspace/Tiva_C_LaunchPad/SW-EK-TM4C123GXL-2.1.4.178/driverlib/gcc/libdriver.a(gpio.o)
 .text.GPIOIntRegister
                0x0000000000000000       0x1a /home/student/eclipse-workspace/Tiva_C_LaunchPad/SW-EK-TM4C123GXL-2.1.4.178/driverlib/gcc/libdriver.a(gpio.o)
 .text.GPIOIntUnregister
                0x0000000000000000       0x16 /home/student/eclipse-workspace/Tiva_C_LaunchPad/SW-EK-TM4C123GXL-2.1.4.178/driverlib/gcc/libdriver.a(gpio.o)
 .text.GPIOIntRegisterPin
                0x0000000000000000       0x1e /home/student/eclipse-workspace/Tiva_C_LaunchPad/SW-EK-TM4C123GXL-2.1.4.178/driverlib/gcc/libdriver.a(gpio.o)
 .text.GPIOIntUnregisterPin
                0x0000000000000000       0x1a /home/student/eclipse-workspace/Tiva_C_LaunchPad/SW-EK-TM4C123GXL-2.1.4.178/driverlib/gcc/libdriver.a(gpio.o)
 .text.GPIOPinRead
                0x0000000000000000        0x6 /home/student/eclipse-workspace/Tiva_C_LaunchPad/SW-EK-TM4C123GXL-2.1.4.178/driverlib/gcc/libdriver.a(gpio.o)
 .text.GPIOPinTypeADC
                0x0000000000000000       0x1c /home/student/eclipse-workspace/Tiva_C_LaunchPad/SW-EK-TM4C123GXL-2.1.4.178/driverlib/gcc/libdriver.a(gpio.o)
 .text.GPIOPinTypeCAN
                0x0000000000000000       0x1c /home/student/eclipse-workspace/Tiva_C_LaunchPad/SW-EK-TM4C123GXL-2.1.4.178/driverlib/gcc/libdriver.a(gpio.o)
 .text.GPIOPinTypeComparator
                0x0000000000000000       0x1c /home/student/eclipse-workspace/Tiva_C_LaunchPad/SW-EK-TM4C123GXL-2.1.4.178/driverlib/gcc/libdriver.a(gpio.o)
 .text.GPIOPinTypeComparatorOutput
                0x0000000000000000       0x1c /home/student/eclipse-workspace/Tiva_C_LaunchPad/SW-EK-TM4C123GXL-2.1.4.178/driverlib/gcc/libdriver.a(gpio.o)
 .text.GPIOPinTypeDIVSCLK
                0x0000000000000000       0x1c /home/student/eclipse-workspace/Tiva_C_LaunchPad/SW-EK-TM4C123GXL-2.1.4.178/driverlib/gcc/libdriver.a(gpio.o)
 .text.GPIOPinTypeEPI
                0x0000000000000000       0x1c /home/student/eclipse-workspace/Tiva_C_LaunchPad/SW-EK-TM4C123GXL-2.1.4.178/driverlib/gcc/libdriver.a(gpio.o)
 .text.GPIOPinTypeEthernetLED
                0x0000000000000000       0x1c /home/student/eclipse-workspace/Tiva_C_LaunchPad/SW-EK-TM4C123GXL-2.1.4.178/driverlib/gcc/libdriver.a(gpio.o)
 .text.GPIOPinTypeEthernetMII
                0x0000000000000000       0x1c /home/student/eclipse-workspace/Tiva_C_LaunchPad/SW-EK-TM4C123GXL-2.1.4.178/driverlib/gcc/libdriver.a(gpio.o)
 .text.GPIOPinTypeGPIOInput
                0x0000000000000000       0x1c /home/student/eclipse-workspace/Tiva_C_LaunchPad/SW-EK-TM4C123GXL-2.1.4.178/driverlib/gcc/libdriver.a(gpio.o)
 .text.GPIOPinTypeGPIOOutputOD
                0x0000000000000000       0x1c /home/student/eclipse-workspace/Tiva_C_LaunchPad/SW-EK-TM4C123GXL-2.1.4.178/driverlib/gcc/libdriver.a(gpio.o)
 .text.GPIOPinTypeHibernateRTCCLK
                0x0000000000000000       0x1c /home/student/eclipse-workspace/Tiva_C_LaunchPad/SW-EK-TM4C123GXL-2.1.4.178/driverlib/gcc/libdriver.a(gpio.o)
 .text.GPIOPinTypeI2C
                0x0000000000000000       0x1c /home/student/eclipse-workspace/Tiva_C_LaunchPad/SW-EK-TM4C123GXL-2.1.4.178/driverlib/gcc/libdriver.a(gpio.o)
 .text.GPIOPinTypeI2CSCL
                0x0000000000000000       0x1c /home/student/eclipse-workspace/Tiva_C_LaunchPad/SW-EK-TM4C123GXL-2.1.4.178/driverlib/gcc/libdriver.a(gpio.o)
 .text.GPIOPinTypeLCD
                0x0000000000000000       0x1c /home/student/eclipse-workspace/Tiva_C_LaunchPad/SW-EK-TM4C123GXL-2.1.4.178/driverlib/gcc/libdriver.a(gpio.o)
 .text.GPIOPinTypeOneWire
                0x0000000000000000       0x1c /home/student/eclipse-workspace/Tiva_C_LaunchPad/SW-EK-TM4C123GXL-2.1.4.178/driverlib/gcc/libdriver.a(gpio.o)
 .text.GPIOPinTypePWM
                0x0000000000000000       0x1c /home/student/eclipse-workspace/Tiva_C_LaunchPad/SW-EK-TM4C123GXL-2.1.4.178/driverlib/gcc/libdriver.a(gpio.o)
 .text.GPIOPinTypeQEI
                0x0000000000000000       0x1c /home/student/eclipse-workspace/Tiva_C_LaunchPad/SW-EK-TM4C123GXL-2.1.4.178/driverlib/gcc/libdriver.a(gpio.o)
 .text.GPIOPinTypeSSI
                0x0000000000000000       0x1c /home/student/eclipse-workspace/Tiva_C_LaunchPad/SW-EK-TM4C123GXL-2.1.4.178/driverlib/gcc/libdriver.a(gpio.o)
 .text.GPIOPinTypeTimer
                0x0000000000000000       0x1c /home/student/eclipse-workspace/Tiva_C_LaunchPad/SW-EK-TM4C123GXL-2.1.4.178/driverlib/gcc/libdriver.a(gpio.o)
 .text.GPIOPinTypeTrace
                0x0000000000000000       0x1c /home/student/eclipse-workspace/Tiva_C_LaunchPad/SW-EK-TM4C123GXL-2.1.4.178/driverlib/gcc/libdriver.a(gpio.o)
 .text.GPIOPinTypeUART
                0x0000000000000000       0x1c /home/student/eclipse-workspace/Tiva_C_LaunchPad/SW-EK-TM4C123GXL-2.1.4.178/driverlib/gcc/libdriver.a(gpio.o)
 .text.GPIOPinTypeUSBAnalog
                0x0000000000000000       0x1c /home/student/eclipse-workspace/Tiva_C_LaunchPad/SW-EK-TM4C123GXL-2.1.4.178/driverlib/gcc/libdriver.a(gpio.o)
 .text.GPIOPinTypeUSBDigital
                0x0000000000000000       0x1c /home/student/eclipse-workspace/Tiva_C_LaunchPad/SW-EK-TM4C123GXL-2.1.4.178/driverlib/gcc/libdriver.a(gpio.o)
 .text.GPIOPinTypeWakeHigh
                0x0000000000000000       0x1e /home/student/eclipse-workspace/Tiva_C_LaunchPad/SW-EK-TM4C123GXL-2.1.4.178/driverlib/gcc/libdriver.a(gpio.o)
 .text.GPIOPinTypeWakeLow
                0x0000000000000000       0x1e /home/student/eclipse-workspace/Tiva_C_LaunchPad/SW-EK-TM4C123GXL-2.1.4.178/driverlib/gcc/libdriver.a(gpio.o)
 .text.GPIOPinWakeStatus
                0x0000000000000000        0x6 /home/student/eclipse-workspace/Tiva_C_LaunchPad/SW-EK-TM4C123GXL-2.1.4.178/driverlib/gcc/libdriver.a(gpio.o)
 .text.GPIOPinConfigure
                0x0000000000000000       0x4c /home/student/eclipse-workspace/Tiva_C_LaunchPad/SW-EK-TM4C123GXL-2.1.4.178/driverlib/gcc/libdriver.a(gpio.o)
 .text.GPIODMATriggerEnable
                0x0000000000000000        0xc /home/student/eclipse-workspace/Tiva_C_LaunchPad/SW-EK-TM4C123GXL-2.1.4.178/driverlib/gcc/libdriver.a(gpio.o)
 .text.GPIODMATriggerDisable
                0x0000000000000000        0xe /home/student/eclipse-workspace/Tiva_C_LaunchPad/SW-EK-TM4C123GXL-2.1.4.178/driverlib/gcc/libdriver.a(gpio.o)
 .text.GPIOADCTriggerEnable
                0x0000000000000000        0xc /home/student/eclipse-workspace/Tiva_C_LaunchPad/SW-EK-TM4C123GXL-2.1.4.178/driverlib/gcc/libdriver.a(gpio.o)
 .text.GPIOADCTriggerDisable
                0x0000000000000000        0xe /home/student/eclipse-workspace/Tiva_C_LaunchPad/SW-EK-TM4C123GXL-2.1.4.178/driverlib/gcc/libdriver.a(gpio.o)
 .rodata.g_ppui32GPIOIntMapSnowflake
                0x0000000000000000       0xd8 /home/student/eclipse-workspace/Tiva_C_LaunchPad/SW-EK-TM4C123GXL-2.1.4.178/driverlib/gcc/libdriver.a(gpio.o)
 .rodata.g_pui32GPIOBaseAddrs
                0x0000000000000000       0x90 /home/student/eclipse-workspace/Tiva_C_LaunchPad/SW-EK-TM4C123GXL-2.1.4.178/driverlib/gcc/libdriver.a(gpio.o)
 .rodata.g_ppui32GPIOIntMapBlizzard
                0x0000000000000000       0xc0 /home/student/eclipse-workspace/Tiva_C_LaunchPad/SW-EK-TM4C123GXL-2.1.4.178/driverlib/gcc/libdriver.a(gpio.o)
 .text          0x0000000000000000        0x0 /home/student/eclipse-workspace/Tiva_C_LaunchPad/SW-EK-TM4C123GXL-2.1.4.178/driverlib/gcc/libdriver.a(interrupt.o)
 .data          0x0000000000000000        0x0 /home/student/eclipse-workspace/Tiva_C_LaunchPad/SW-EK-TM4C123GXL-2.1.4.178/driverlib/gcc/libdriver.a(interrupt.o)
 .bss           0x0000000000000000        0x0 /home/student/eclipse-workspace/Tiva_C_LaunchPad/SW-EK-TM4C123GXL-2.1.4.178/driverlib/gcc/libdriver.a(interrupt.o)
 .text._IntDefaultHandler
                0x0000000000000000        0x2 /home/student/eclipse-workspace/Tiva_C_LaunchPad/SW-EK-TM4C123GXL-2.1.4.178/driverlib/gcc/libdriver.a(interrupt.o)
 .text.IntMasterEnable
                0x0000000000000000        0xe /home/student/eclipse-workspace/Tiva_C_LaunchPad/SW-EK-TM4C123GXL-2.1.4.178/driverlib/gcc/libdriver.a(interrupt.o)
 .text.IntMasterDisable
                0x0000000000000000        0xe /home/student/eclipse-workspace/Tiva_C_LaunchPad/SW-EK-TM4C123GXL-2.1.4.178/driverlib/gcc/libdriver.a(interrupt.o)
 .text.IntRegister
                0x0000000000000000       0x34 /home/student/eclipse-workspace/Tiva_C_LaunchPad/SW-EK-TM4C123GXL-2.1.4.178/driverlib/gcc/libdriver.a(interrupt.o)
 .text.IntUnregister
                0x0000000000000000       0x14 /home/student/eclipse-workspace/Tiva_C_LaunchPad/SW-EK-TM4C123GXL-2.1.4.178/driverlib/gcc/libdriver.a(interrupt.o)
 .text.IntPriorityGroupingSet
                0x0000000000000000       0x1c /home/student/eclipse-workspace/Tiva_C_LaunchPad/SW-EK-TM4C123GXL-2.1.4.178/driverlib/gcc/libdriver.a(interrupt.o)
 .text.IntPriorityGroupingGet
                0x0000000000000000       0x24 /home/student/eclipse-workspace/Tiva_C_LaunchPad/SW-EK-TM4C123GXL-2.1.4.178/driverlib/gcc/libdriver.a(interrupt.o)
 .text.IntPrioritySet
                0x0000000000000000       0x2c /home/student/eclipse-workspace/Tiva_C_LaunchPad/SW-EK-TM4C123GXL-2.1.4.178/driverlib/gcc/libdriver.a(interrupt.o)
 .text.IntPriorityGet
                0x0000000000000000       0x1c /home/student/eclipse-workspace/Tiva_C_LaunchPad/SW-EK-TM4C123GXL-2.1.4.178/driverlib/gcc/libdriver.a(interrupt.o)
 .text.IntEnable
                0x0000000000000000       0x60 /home/student/eclipse-workspace/Tiva_C_LaunchPad/SW-EK-TM4C123GXL-2.1.4.178/driverlib/gcc/libdriver.a(interrupt.o)
 .text.IntDisable
                0x0000000000000000       0x60 /home/student/eclipse-workspace/Tiva_C_LaunchPad/SW-EK-TM4C123GXL-2.1.4.178/driverlib/gcc/libdriver.a(interrupt.o)
 .text.IntIsEnabled
                0x0000000000000000       0x64 /home/student/eclipse-workspace/Tiva_C_LaunchPad/SW-EK-TM4C123GXL-2.1.4.178/driverlib/gcc/libdriver.a(interrupt.o)
 .text.IntPendSet
                0x0000000000000000       0x50 /home/student/eclipse-workspace/Tiva_C_LaunchPad/SW-EK-TM4C123GXL-2.1.4.178/driverlib/gcc/libdriver.a(interrupt.o)
 .text.IntPendClear
                0x0000000000000000       0x40 /home/student/eclipse-workspace/Tiva_C_LaunchPad/SW-EK-TM4C123GXL-2.1.4.178/driverlib/gcc/libdriver.a(interrupt.o)
 .text.IntPriorityMaskSet
                0x0000000000000000        0x4 /home/student/eclipse-workspace/Tiva_C_LaunchPad/SW-EK-TM4C123GXL-2.1.4.178/driverlib/gcc/libdriver.a(interrupt.o)
 .text.IntPriorityMaskGet
                0x0000000000000000        0x4 /home/student/eclipse-workspace/Tiva_C_LaunchPad/SW-EK-TM4C123GXL-2.1.4.178/driverlib/gcc/libdriver.a(interrupt.o)
 .text.IntTrigger
                0x0000000000000000        0xc /home/student/eclipse-workspace/Tiva_C_LaunchPad/SW-EK-TM4C123GXL-2.1.4.178/driverlib/gcc/libdriver.a(interrupt.o)
 .rodata.g_pui32Priority
                0x0000000000000000       0x20 /home/student/eclipse-workspace/Tiva_C_LaunchPad/SW-EK-TM4C123GXL-2.1.4.178/driverlib/gcc/libdriver.a(interrupt.o)
 .rodata.g_pui32Dii16Regs
                0x0000000000000000       0x14 /home/student/eclipse-workspace/Tiva_C_LaunchPad/SW-EK-TM4C123GXL-2.1.4.178/driverlib/gcc/libdriver.a(interrupt.o)
 .rodata.g_pui32PendRegs
                0x0000000000000000       0x14 /home/student/eclipse-workspace/Tiva_C_LaunchPad/SW-EK-TM4C123GXL-2.1.4.178/driverlib/gcc/libdriver.a(interrupt.o)
 vtable         0x0000000000000000      0x400 /home/student/eclipse-workspace/Tiva_C_LaunchPad/SW-EK-TM4C123GXL-2.1.4.178/driverlib/gcc/libdriver.a(interrupt.o)
 .rodata.g_pui32Regs
                0x0000000000000000       0x9c /home/student/eclipse-workspace/Tiva_C_LaunchPad/SW-EK-TM4C123GXL-2.1.4.178/driverlib/gcc/libdriver.a(interrupt.o)
 .rodata.g_pui32EnRegs
                0x0000000000000000       0x14 /home/student/eclipse-workspace/Tiva_C_LaunchPad/SW-EK-TM4C123GXL-2.1.4.178/driverlib/gcc/libdriver.a(interrupt.o)
 .rodata.g_pui32UnpendRegs
                0x0000000000000000       0x14 /home/student/eclipse-workspace/Tiva_C_LaunchPad/SW-EK-TM4C123GXL-2.1.4.178/driverlib/gcc/libdriver.a(interrupt.o)
 .comment       0x0000000000000000       0x71 /home/student/eclipse-workspace/Tiva_C_LaunchPad/SW-EK-TM4C123GXL-2.1.4.178/driverlib/gcc/libdriver.a(interrupt.o)
 .ARM.attributes
                0x0000000000000000       0x3b /home/student/eclipse-workspace/Tiva_C_LaunchPad/SW-EK-TM4C123GXL-2.1.4.178/driverlib/gcc/libdriver.a(interrupt.o)
 .text          0x0000000000000000        0x0 /home/student/eclipse-workspace/Tiva_C_LaunchPad/SW-EK-TM4C123GXL-2.1.4.178/driverlib/gcc/libdriver.a(sysctl.o)
 .data          0x0000000000000000        0x0 /home/student/eclipse-workspace/Tiva_C_LaunchPad/SW-EK-TM4C123GXL-2.1.4.178/driverlib/gcc/libdriver.a(sysctl.o)
 .bss           0x0000000000000000        0x0 /home/student/eclipse-workspace/Tiva_C_LaunchPad/SW-EK-TM4C123GXL-2.1.4.178/driverlib/gcc/libdriver.a(sysctl.o)
 .text._SysCtlMemTimingGet
                0x0000000000000000       0x24 /home/student/eclipse-workspace/Tiva_C_LaunchPad/SW-EK-TM4C123GXL-2.1.4.178/driverlib/gcc/libdriver.a(sysctl.o)
 .text.SysCtlSRAMSizeGet
                0x0000000000000000       0x10 /home/student/eclipse-workspace/Tiva_C_LaunchPad/SW-EK-TM4C123GXL-2.1.4.178/driverlib/gcc/libdriver.a(sysctl.o)
 .text.SysCtlFlashSizeGet
                0x0000000000000000       0x3c /home/student/eclipse-workspace/Tiva_C_LaunchPad/SW-EK-TM4C123GXL-2.1.4.178/driverlib/gcc/libdriver.a(sysctl.o)
 .text.SysCtlFlashSectorSizeGet
                0x0000000000000000       0x38 /home/student/eclipse-workspace/Tiva_C_LaunchPad/SW-EK-TM4C123GXL-2.1.4.178/driverlib/gcc/libdriver.a(sysctl.o)
 .text.SysCtlPeripheralPresent
                0x0000000000000000       0x26 /home/student/eclipse-workspace/Tiva_C_LaunchPad/SW-EK-TM4C123GXL-2.1.4.178/driverlib/gcc/libdriver.a(sysctl.o)
 .text.SysCtlPeripheralReady
                0x0000000000000000       0x26 /home/student/eclipse-workspace/Tiva_C_LaunchPad/SW-EK-TM4C123GXL-2.1.4.178/driverlib/gcc/libdriver.a(sysctl.o)
 .text.SysCtlPeripheralPowerOn
                0x0000000000000000       0x22 /home/student/eclipse-workspace/Tiva_C_LaunchPad/SW-EK-TM4C123GXL-2.1.4.178/driverlib/gcc/libdriver.a(sysctl.o)
 .text.SysCtlPeripheralPowerOff
                0x0000000000000000       0x22 /home/student/eclipse-workspace/Tiva_C_LaunchPad/SW-EK-TM4C123GXL-2.1.4.178/driverlib/gcc/libdriver.a(sysctl.o)
 .text.SysCtlPeripheralReset
                0x0000000000000000       0x3a /home/student/eclipse-workspace/Tiva_C_LaunchPad/SW-EK-TM4C123GXL-2.1.4.178/driverlib/gcc/libdriver.a(sysctl.o)
 .text.SysCtlPeripheralDisable
                0x0000000000000000       0x22 /home/student/eclipse-workspace/Tiva_C_LaunchPad/SW-EK-TM4C123GXL-2.1.4.178/driverlib/gcc/libdriver.a(sysctl.o)
 .text.SysCtlPeripheralSleepEnable
                0x0000000000000000       0x22 /home/student/eclipse-workspace/Tiva_C_LaunchPad/SW-EK-TM4C123GXL-2.1.4.178/driverlib/gcc/libdriver.a(sysctl.o)
 .text.SysCtlPeripheralSleepDisable
                0x0000000000000000       0x22 /home/student/eclipse-workspace/Tiva_C_LaunchPad/SW-EK-TM4C123GXL-2.1.4.178/driverlib/gcc/libdriver.a(sysctl.o)
 .text.SysCtlPeripheralDeepSleepEnable
                0x0000000000000000       0x22 /home/student/eclipse-workspace/Tiva_C_LaunchPad/SW-EK-TM4C123GXL-2.1.4.178/driverlib/gcc/libdriver.a(sysctl.o)
 .text.SysCtlPeripheralDeepSleepDisable
                0x0000000000000000       0x22 /home/student/eclipse-workspace/Tiva_C_LaunchPad/SW-EK-TM4C123GXL-2.1.4.178/driverlib/gcc/libdriver.a(sysctl.o)
 .text.SysCtlPeripheralClockGating
                0x0000000000000000       0x48 /home/student/eclipse-workspace/Tiva_C_LaunchPad/SW-EK-TM4C123GXL-2.1.4.178/driverlib/gcc/libdriver.a(sysctl.o)
 .text.SysCtlIntRegister
                0x0000000000000000       0x14 /home/student/eclipse-workspace/Tiva_C_LaunchPad/SW-EK-TM4C123GXL-2.1.4.178/driverlib/gcc/libdriver.a(sysctl.o)
 .text.SysCtlIntUnregister
                0x0000000000000000       0x12 /home/student/eclipse-workspace/Tiva_C_LaunchPad/SW-EK-TM4C123GXL-2.1.4.178/driverlib/gcc/libdriver.a(sysctl.o)
 .text.SysCtlIntEnable
                0x0000000000000000       0x10 /home/student/eclipse-workspace/Tiva_C_LaunchPad/SW-EK-TM4C123GXL-2.1.4.178/driverlib/gcc/libdriver.a(sysctl.o)
 .text.SysCtlIntDisable
                0x0000000000000000       0x10 /home/student/eclipse-workspace/Tiva_C_LaunchPad/SW-EK-TM4C123GXL-2.1.4.178/driverlib/gcc/libdriver.a(sysctl.o)
 .text.SysCtlIntClear
                0x0000000000000000        0xc /home/student/eclipse-workspace/Tiva_C_LaunchPad/SW-EK-TM4C123GXL-2.1.4.178/driverlib/gcc/libdriver.a(sysctl.o)
 .text.SysCtlIntStatus
                0x0000000000000000       0x14 /home/student/eclipse-workspace/Tiva_C_LaunchPad/SW-EK-TM4C123GXL-2.1.4.178/driverlib/gcc/libdriver.a(sysctl.o)
 .text.SysCtlLDOSleepSet
                0x0000000000000000        0xc /home/student/eclipse-workspace/Tiva_C_LaunchPad/SW-EK-TM4C123GXL-2.1.4.178/driverlib/gcc/libdriver.a(sysctl.o)
 .text.SysCtlLDOSleepGet
                0x0000000000000000        0xc /home/student/eclipse-workspace/Tiva_C_LaunchPad/SW-EK-TM4C123GXL-2.1.4.178/driverlib/gcc/libdriver.a(sysctl.o)
 .text.SysCtlLDODeepSleepSet
                0x0000000000000000        0xc /home/student/eclipse-workspace/Tiva_C_LaunchPad/SW-EK-TM4C123GXL-2.1.4.178/driverlib/gcc/libdriver.a(sysctl.o)
 .text.SysCtlLDODeepSleepGet
                0x0000000000000000        0xc /home/student/eclipse-workspace/Tiva_C_LaunchPad/SW-EK-TM4C123GXL-2.1.4.178/driverlib/gcc/libdriver.a(sysctl.o)
 .text.SysCtlSleepPowerSet
                0x0000000000000000        0xc /home/student/eclipse-workspace/Tiva_C_LaunchPad/SW-EK-TM4C123GXL-2.1.4.178/driverlib/gcc/libdriver.a(sysctl.o)
 .text.SysCtlDeepSleepPowerSet
                0x0000000000000000        0xc /home/student/eclipse-workspace/Tiva_C_LaunchPad/SW-EK-TM4C123GXL-2.1.4.178/driverlib/gcc/libdriver.a(sysctl.o)
 .text.SysCtlReset
                0x0000000000000000       0x10 /home/student/eclipse-workspace/Tiva_C_LaunchPad/SW-EK-TM4C123GXL-2.1.4.178/driverlib/gcc/libdriver.a(sysctl.o)
 .text.SysCtlSleep
                0x0000000000000000        0x4 /home/student/eclipse-workspace/Tiva_C_LaunchPad/SW-EK-TM4C123GXL-2.1.4.178/driverlib/gcc/libdriver.a(sysctl.o)
 .text.SysCtlDeepSleep
                0x0000000000000000       0x20 /home/student/eclipse-workspace/Tiva_C_LaunchPad/SW-EK-TM4C123GXL-2.1.4.178/driverlib/gcc/libdriver.a(sysctl.o)
 .text.SysCtlResetCauseGet
                0x0000000000000000        0xc /home/student/eclipse-workspace/Tiva_C_LaunchPad/SW-EK-TM4C123GXL-2.1.4.178/driverlib/gcc/libdriver.a(sysctl.o)
 .text.SysCtlResetCauseClear
                0x0000000000000000       0x10 /home/student/eclipse-workspace/Tiva_C_LaunchPad/SW-EK-TM4C123GXL-2.1.4.178/driverlib/gcc/libdriver.a(sysctl.o)
 .text.SysCtlMOSCConfigSet
                0x0000000000000000        0xc /home/student/eclipse-workspace/Tiva_C_LaunchPad/SW-EK-TM4C123GXL-2.1.4.178/driverlib/gcc/libdriver.a(sysctl.o)
 .text.SysCtlPIOSCCalibrate
                0x0000000000000000       0x48 /home/student/eclipse-workspace/Tiva_C_LaunchPad/SW-EK-TM4C123GXL-2.1.4.178/driverlib/gcc/libdriver.a(sysctl.o)
 .text.SysCtlResetBehaviorSet
                0x0000000000000000        0xc /home/student/eclipse-workspace/Tiva_C_LaunchPad/SW-EK-TM4C123GXL-2.1.4.178/driverlib/gcc/libdriver.a(sysctl.o)
 .text.SysCtlResetBehaviorGet
                0x0000000000000000        0xc /home/student/eclipse-workspace/Tiva_C_LaunchPad/SW-EK-TM4C123GXL-2.1.4.178/driverlib/gcc/libdriver.a(sysctl.o)
 .text.SysCtlClockFreqSet
                0x0000000000000000      0x248 /home/student/eclipse-workspace/Tiva_C_LaunchPad/SW-EK-TM4C123GXL-2.1.4.178/driverlib/gcc/libdriver.a(sysctl.o)
 .text.SysCtlDeepSleepClockSet
                0x0000000000000000        0xc /home/student/eclipse-workspace/Tiva_C_LaunchPad/SW-EK-TM4C123GXL-2.1.4.178/driverlib/gcc/libdriver.a(sysctl.o)
 .text.SysCtlDeepSleepClockConfigSet
                0x0000000000000000       0x60 /home/student/eclipse-workspace/Tiva_C_LaunchPad/SW-EK-TM4C123GXL-2.1.4.178/driverlib/gcc/libdriver.a(sysctl.o)
 .text.SysCtlPWMClockSet
                0x0000000000000000       0x14 /home/student/eclipse-workspace/Tiva_C_LaunchPad/SW-EK-TM4C123GXL-2.1.4.178/driverlib/gcc/libdriver.a(sysctl.o)
 .text.SysCtlPWMClockGet
                0x0000000000000000       0x18 /home/student/eclipse-workspace/Tiva_C_LaunchPad/SW-EK-TM4C123GXL-2.1.4.178/driverlib/gcc/libdriver.a(sysctl.o)
 .text.SysCtlGPIOAHBEnable
                0x0000000000000000       0x18 /home/student/eclipse-workspace/Tiva_C_LaunchPad/SW-EK-TM4C123GXL-2.1.4.178/driverlib/gcc/libdriver.a(sysctl.o)
 .text.SysCtlGPIOAHBDisable
                0x0000000000000000       0x1c /home/student/eclipse-workspace/Tiva_C_LaunchPad/SW-EK-TM4C123GXL-2.1.4.178/driverlib/gcc/libdriver.a(sysctl.o)
 .text.SysCtlUSBPLLEnable
                0x0000000000000000       0x10 /home/student/eclipse-workspace/Tiva_C_LaunchPad/SW-EK-TM4C123GXL-2.1.4.178/driverlib/gcc/libdriver.a(sysctl.o)
 .text.SysCtlUSBPLLDisable
                0x0000000000000000       0x10 /home/student/eclipse-workspace/Tiva_C_LaunchPad/SW-EK-TM4C123GXL-2.1.4.178/driverlib/gcc/libdriver.a(sysctl.o)
 .text.SysCtlVoltageEventConfig
                0x0000000000000000        0xc /home/student/eclipse-workspace/Tiva_C_LaunchPad/SW-EK-TM4C123GXL-2.1.4.178/driverlib/gcc/libdriver.a(sysctl.o)
 .text.SysCtlVoltageEventStatus
                0x0000000000000000        0xc /home/student/eclipse-workspace/Tiva_C_LaunchPad/SW-EK-TM4C123GXL-2.1.4.178/driverlib/gcc/libdriver.a(sysctl.o)
 .text.SysCtlVoltageEventClear
                0x0000000000000000       0x10 /home/student/eclipse-workspace/Tiva_C_LaunchPad/SW-EK-TM4C123GXL-2.1.4.178/driverlib/gcc/libdriver.a(sysctl.o)
 .text.SysCtlVCOGet
                0x0000000000000000       0x78 /home/student/eclipse-workspace/Tiva_C_LaunchPad/SW-EK-TM4C123GXL-2.1.4.178/driverlib/gcc/libdriver.a(sysctl.o)
 .text.SysCtlNMIStatus
                0x0000000000000000        0xc /home/student/eclipse-workspace/Tiva_C_LaunchPad/SW-EK-TM4C123GXL-2.1.4.178/driverlib/gcc/libdriver.a(sysctl.o)
 .text.SysCtlNMIClear
                0x0000000000000000       0x10 /home/student/eclipse-workspace/Tiva_C_LaunchPad/SW-EK-TM4C123GXL-2.1.4.178/driverlib/gcc/libdriver.a(sysctl.o)
 .text.SysCtlClockOutConfig
                0x0000000000000000       0x10 /home/student/eclipse-workspace/Tiva_C_LaunchPad/SW-EK-TM4C123GXL-2.1.4.178/driverlib/gcc/libdriver.a(sysctl.o)
 .text.SysCtlAltClkConfig
                0x0000000000000000        0xc /home/student/eclipse-workspace/Tiva_C_LaunchPad/SW-EK-TM4C123GXL-2.1.4.178/driverlib/gcc/libdriver.a(sysctl.o)
 .rodata.g_pppui32XTALtoVCO
                0x0000000000000000      0x1b0 /home/student/eclipse-workspace/Tiva_C_LaunchPad/SW-EK-TM4C123GXL-2.1.4.178/driverlib/gcc/libdriver.a(sysctl.o)
 .rodata.g_pui32VCOFrequencies
                0x0000000000000000        0x8 /home/student/eclipse-workspace/Tiva_C_LaunchPad/SW-EK-TM4C123GXL-2.1.4.178/driverlib/gcc/libdriver.a(sysctl.o)
 .rodata.g_sXTALtoMEMTIM
                0x0000000000000000       0x30 /home/student/eclipse-workspace/Tiva_C_LaunchPad/SW-EK-TM4C123GXL-2.1.4.178/driverlib/gcc/libdriver.a(sysctl.o)
 .text          0x0000000000000000        0x0 /home/student/eclipse-workspace/Tiva_C_LaunchPad/SW-EK-TM4C123GXL-2.1.4.178/driverlib/gcc/libdriver.a(uart.o)
 .data          0x0000000000000000        0x0 /home/student/eclipse-workspace/Tiva_C_LaunchPad/SW-EK-TM4C123GXL-2.1.4.178/driverlib/gcc/libdriver.a(uart.o)
 .bss           0x0000000000000000        0x0 /home/student/eclipse-workspace/Tiva_C_LaunchPad/SW-EK-TM4C123GXL-2.1.4.178/driverlib/gcc/libdriver.a(uart.o)
 .text._UARTIntNumberGet
                0x0000000000000000       0x44 /home/student/eclipse-workspace/Tiva_C_LaunchPad/SW-EK-TM4C123GXL-2.1.4.178/driverlib/gcc/libdriver.a(uart.o)
 .text.UARTParityModeSet
                0x0000000000000000        0xc /home/student/eclipse-workspace/Tiva_C_LaunchPad/SW-EK-TM4C123GXL-2.1.4.178/driverlib/gcc/libdriver.a(uart.o)
 .text.UARTParityModeGet
                0x0000000000000000        0x8 /home/student/eclipse-workspace/Tiva_C_LaunchPad/SW-EK-TM4C123GXL-2.1.4.178/driverlib/gcc/libdriver.a(uart.o)
 .text.UARTFIFOLevelSet
                0x0000000000000000        0x6 /home/student/eclipse-workspace/Tiva_C_LaunchPad/SW-EK-TM4C123GXL-2.1.4.178/driverlib/gcc/libdriver.a(uart.o)
 .text.UARTFIFOLevelGet
                0x0000000000000000       0x10 /home/student/eclipse-workspace/Tiva_C_LaunchPad/SW-EK-TM4C123GXL-2.1.4.178/driverlib/gcc/libdriver.a(uart.o)
 .text.UARTConfigGetExpClk
                0x0000000000000000       0x28 /home/student/eclipse-workspace/Tiva_C_LaunchPad/SW-EK-TM4C123GXL-2.1.4.178/driverlib/gcc/libdriver.a(uart.o)
 .text.UARTEnable
                0x0000000000000000       0x16 /home/student/eclipse-workspace/Tiva_C_LaunchPad/SW-EK-TM4C123GXL-2.1.4.178/driverlib/gcc/libdriver.a(uart.o)
 .text.UARTDisable
                0x0000000000000000       0x1c /home/student/eclipse-workspace/Tiva_C_LaunchPad/SW-EK-TM4C123GXL-2.1.4.178/driverlib/gcc/libdriver.a(uart.o)
 .text.UARTConfigSetExpClk
                0x0000000000000000       0x48 /home/student/eclipse-workspace/Tiva_C_LaunchPad/SW-EK-TM4C123GXL-2.1.4.178/driverlib/gcc/libdriver.a(uart.o)
 .text.UARTFIFOEnable
                0x0000000000000000        0xa /home/student/eclipse-workspace/Tiva_C_LaunchPad/SW-EK-TM4C123GXL-2.1.4.178/driverlib/gcc/libdriver.a(uart.o)
 .text.UARTFIFODisable
                0x0000000000000000        0xa /home/student/eclipse-workspace/Tiva_C_LaunchPad/SW-EK-TM4C123GXL-2.1.4.178/driverlib/gcc/libdriver.a(uart.o)
 .text.UARTEnableSIR
                0x0000000000000000       0x12 /home/student/eclipse-workspace/Tiva_C_LaunchPad/SW-EK-TM4C123GXL-2.1.4.178/driverlib/gcc/libdriver.a(uart.o)
 .text.UARTDisableSIR
                0x0000000000000000        0xa /home/student/eclipse-workspace/Tiva_C_LaunchPad/SW-EK-TM4C123GXL-2.1.4.178/driverlib/gcc/libdriver.a(uart.o)
 .text.UARTSmartCardEnable
                0x0000000000000000       0x16 /home/student/eclipse-workspace/Tiva_C_LaunchPad/SW-EK-TM4C123GXL-2.1.4.178/driverlib/gcc/libdriver.a(uart.o)
 .text.UARTSmartCardDisable
                0x0000000000000000        0xa /home/student/eclipse-workspace/Tiva_C_LaunchPad/SW-EK-TM4C123GXL-2.1.4.178/driverlib/gcc/libdriver.a(uart.o)
 .text.UARTModemControlSet
                0x0000000000000000        0xc /home/student/eclipse-workspace/Tiva_C_LaunchPad/SW-EK-TM4C123GXL-2.1.4.178/driverlib/gcc/libdriver.a(uart.o)
 .text.UARTModemControlClear
                0x0000000000000000        0xe /home/student/eclipse-workspace/Tiva_C_LaunchPad/SW-EK-TM4C123GXL-2.1.4.178/driverlib/gcc/libdriver.a(uart.o)
 .text.UARTModemControlGet
                0x0000000000000000        0x8 /home/student/eclipse-workspace/Tiva_C_LaunchPad/SW-EK-TM4C123GXL-2.1.4.178/driverlib/gcc/libdriver.a(uart.o)
 .text.UARTModemStatusGet
                0x0000000000000000        0xa /home/student/eclipse-workspace/Tiva_C_LaunchPad/SW-EK-TM4C123GXL-2.1.4.178/driverlib/gcc/libdriver.a(uart.o)
 .text.UARTFlowControlSet
                0x0000000000000000        0xc /home/student/eclipse-workspace/Tiva_C_LaunchPad/SW-EK-TM4C123GXL-2.1.4.178/driverlib/gcc/libdriver.a(uart.o)
 .text.UARTFlowControlGet
                0x0000000000000000        0x8 /home/student/eclipse-workspace/Tiva_C_LaunchPad/SW-EK-TM4C123GXL-2.1.4.178/driverlib/gcc/libdriver.a(uart.o)
 .text.UARTTxIntModeSet
                0x0000000000000000        0xc /home/student/eclipse-workspace/Tiva_C_LaunchPad/SW-EK-TM4C123GXL-2.1.4.178/driverlib/gcc/libdriver.a(uart.o)
 .text.UARTTxIntModeGet
                0x0000000000000000        0x8 /home/student/eclipse-workspace/Tiva_C_LaunchPad/SW-EK-TM4C123GXL-2.1.4.178/driverlib/gcc/libdriver.a(uart.o)
 .text.UARTCharsAvail
                0x0000000000000000        0xc /home/student/eclipse-workspace/Tiva_C_LaunchPad/SW-EK-TM4C123GXL-2.1.4.178/driverlib/gcc/libdriver.a(uart.o)
 .text.UARTSpaceAvail
                0x0000000000000000        0xc /home/student/eclipse-workspace/Tiva_C_LaunchPad/SW-EK-TM4C123GXL-2.1.4.178/driverlib/gcc/libdriver.a(uart.o)
 .text.UARTCharGetNonBlocking
                0x0000000000000000        0xe /home/student/eclipse-workspace/Tiva_C_LaunchPad/SW-EK-TM4C123GXL-2.1.4.178/driverlib/gcc/libdriver.a(uart.o)
 .text.UARTCharGet
                0x0000000000000000        0xa /home/student/eclipse-workspace/Tiva_C_LaunchPad/SW-EK-TM4C123GXL-2.1.4.178/driverlib/gcc/libdriver.a(uart.o)
 .text.UARTCharPutNonBlocking
                0x0000000000000000       0x10 /home/student/eclipse-workspace/Tiva_C_LaunchPad/SW-EK-TM4C123GXL-2.1.4.178/driverlib/gcc/libdriver.a(uart.o)
 .text.UARTCharPut
                0x0000000000000000        0xa /home/student/eclipse-workspace/Tiva_C_LaunchPad/SW-EK-TM4C123GXL-2.1.4.178/driverlib/gcc/libdriver.a(uart.o)
 .text.UARTBreakCtl
                0x0000000000000000       0x16 /home/student/eclipse-workspace/Tiva_C_LaunchPad/SW-EK-TM4C123GXL-2.1.4.178/driverlib/gcc/libdriver.a(uart.o)
 .text.UARTBusy
                0x0000000000000000        0x8 /home/student/eclipse-workspace/Tiva_C_LaunchPad/SW-EK-TM4C123GXL-2.1.4.178/driverlib/gcc/libdriver.a(uart.o)
 .text.UARTIntRegister
                0x0000000000000000       0x1a /home/student/eclipse-workspace/Tiva_C_LaunchPad/SW-EK-TM4C123GXL-2.1.4.178/driverlib/gcc/libdriver.a(uart.o)
 .text.UARTIntUnregister
                0x0000000000000000       0x16 /home/student/eclipse-workspace/Tiva_C_LaunchPad/SW-EK-TM4C123GXL-2.1.4.178/driverlib/gcc/libdriver.a(uart.o)
 .text.UARTIntEnable
                0x0000000000000000        0x8 /home/student/eclipse-workspace/Tiva_C_LaunchPad/SW-EK-TM4C123GXL-2.1.4.178/driverlib/gcc/libdriver.a(uart.o)
 .text.UARTIntDisable
                0x0000000000000000        0xa /home/student/eclipse-workspace/Tiva_C_LaunchPad/SW-EK-TM4C123GXL-2.1.4.178/driverlib/gcc/libdriver.a(uart.o)
 .text.UARTIntStatus
                0x0000000000000000        0xa /home/student/eclipse-workspace/Tiva_C_LaunchPad/SW-EK-TM4C123GXL-2.1.4.178/driverlib/gcc/libdriver.a(uart.o)
 .text.UARTIntClear
                0x0000000000000000        0x4 /home/student/eclipse-workspace/Tiva_C_LaunchPad/SW-EK-TM4C123GXL-2.1.4.178/driverlib/gcc/libdriver.a(uart.o)
 .text.UARTDMAEnable
                0x0000000000000000        0x8 /home/student/eclipse-workspace/Tiva_C_LaunchPad/SW-EK-TM4C123GXL-2.1.4.178/driverlib/gcc/libdriver.a(uart.o)
 .text.UARTDMADisable
                0x0000000000000000        0xa /home/student/eclipse-workspace/Tiva_C_LaunchPad/SW-EK-TM4C123GXL-2.1.4.178/driverlib/gcc/libdriver.a(uart.o)
 .text.UARTRxErrorGet
                0x0000000000000000        0x8 /home/student/eclipse-workspace/Tiva_C_LaunchPad/SW-EK-TM4C123GXL-2.1.4.178/driverlib/gcc/libdriver.a(uart.o)
 .text.UARTRxErrorClear
                0x0000000000000000        0x6 /home/student/eclipse-workspace/Tiva_C_LaunchPad/SW-EK-TM4C123GXL-2.1.4.178/driverlib/gcc/libdriver.a(uart.o)
 .text.UARTClockSourceSet
                0x0000000000000000        0x6 /home/student/eclipse-workspace/Tiva_C_LaunchPad/SW-EK-TM4C123GXL-2.1.4.178/driverlib/gcc/libdriver.a(uart.o)
 .text.UARTClockSourceGet
                0x0000000000000000        0x6 /home/student/eclipse-workspace/Tiva_C_LaunchPad/SW-EK-TM4C123GXL-2.1.4.178/driverlib/gcc/libdriver.a(uart.o)
 .text.UART9BitEnable
                0x0000000000000000        0xe /home/student/eclipse-workspace/Tiva_C_LaunchPad/SW-EK-TM4C123GXL-2.1.4.178/driverlib/gcc/libdriver.a(uart.o)
 .text.UART9BitDisable
                0x0000000000000000        0xe /home/student/eclipse-workspace/Tiva_C_LaunchPad/SW-EK-TM4C123GXL-2.1.4.178/driverlib/gcc/libdriver.a(uart.o)
 .text.UART9BitAddrSet
                0x0000000000000000        0xa /home/student/eclipse-workspace/Tiva_C_LaunchPad/SW-EK-TM4C123GXL-2.1.4.178/driverlib/gcc/libdriver.a(uart.o)
 .text.UART9BitAddrSend
                0x0000000000000000       0x2c /home/student/eclipse-workspace/Tiva_C_LaunchPad/SW-EK-TM4C123GXL-2.1.4.178/driverlib/gcc/libdriver.a(uart.o)
 .text.UARTLoopbackEnable
                0x0000000000000000        0xa /home/student/eclipse-workspace/Tiva_C_LaunchPad/SW-EK-TM4C123GXL-2.1.4.178/driverlib/gcc/libdriver.a(uart.o)
 .rodata.g_ppui32UARTIntMap
                0x0000000000000000       0x40 /home/student/eclipse-workspace/Tiva_C_LaunchPad/SW-EK-TM4C123GXL-2.1.4.178/driverlib/gcc/libdriver.a(uart.o)
 .rodata.g_ppui32UARTIntMapSnowflake
                0x0000000000000000       0x40 /home/student/eclipse-workspace/Tiva_C_LaunchPad/SW-EK-TM4C123GXL-2.1.4.178/driverlib/gcc/libdriver.a(uart.o)
 .comment       0x0000000000000000       0x71 /home/student/eclipse-workspace/Tiva_C_LaunchPad/SW-EK-TM4C123GXL-2.1.4.178/driverlib/gcc/libdriver.a(uart.o)
 .ARM.attributes
                0x0000000000000000       0x3b /home/student/eclipse-workspace/Tiva_C_LaunchPad/SW-EK-TM4C123GXL-2.1.4.178/driverlib/gcc/libdriver.a(uart.o)
 .text          0x0000000000000000        0x0 /home/student/eclipse-workspace/Tiva_C_LaunchPad/SW-EK-TM4C123GXL-2.1.4.178/driverlib/gcc/libdriver.a(cpu.o)
 .data          0x0000000000000000        0x0 /home/student/eclipse-workspace/Tiva_C_LaunchPad/SW-EK-TM4C123GXL-2.1.4.178/driverlib/gcc/libdriver.a(cpu.o)
 .bss           0x0000000000000000        0x0 /home/student/eclipse-workspace/Tiva_C_LaunchPad/SW-EK-TM4C123GXL-2.1.4.178/driverlib/gcc/libdriver.a(cpu.o)
 .text.CPUcpsid
                0x0000000000000000        0x8 /home/student/eclipse-workspace/Tiva_C_LaunchPad/SW-EK-TM4C123GXL-2.1.4.178/driverlib/gcc/libdriver.a(cpu.o)
 .text.CPUprimask
                0x0000000000000000        0x6 /home/student/eclipse-workspace/Tiva_C_LaunchPad/SW-EK-TM4C123GXL-2.1.4.178/driverlib/gcc/libdriver.a(cpu.o)
 .text.CPUcpsie
                0x0000000000000000        0x8 /home/student/eclipse-workspace/Tiva_C_LaunchPad/SW-EK-TM4C123GXL-2.1.4.178/driverlib/gcc/libdriver.a(cpu.o)
 .text.CPUwfi   0x0000000000000000        0x4 /home/student/eclipse-workspace/Tiva_C_LaunchPad/SW-EK-TM4C123GXL-2.1.4.178/driverlib/gcc/libdriver.a(cpu.o)
 .text.CPUbasepriSet
                0x0000000000000000        0x6 /home/student/eclipse-workspace/Tiva_C_LaunchPad/SW-EK-TM4C123GXL-2.1.4.178/driverlib/gcc/libdriver.a(cpu.o)
 .text.CPUbasepriGet
                0x0000000000000000        0x6 /home/student/eclipse-workspace/Tiva_C_LaunchPad/SW-EK-TM4C123GXL-2.1.4.178/driverlib/gcc/libdriver.a(cpu.o)
 .comment       0x0000000000000000       0x71 /home/student/eclipse-workspace/Tiva_C_LaunchPad/SW-EK-TM4C123GXL-2.1.4.178/driverlib/gcc/libdriver.a(cpu.o)
 .ARM.attributes
                0x0000000000000000       0x3b /home/student/eclipse-workspace/Tiva_C_LaunchPad/SW-EK-TM4C123GXL-2.1.4.178/driverlib/gcc/libdriver.a(cpu.o)
 .text          0x0000000000000000        0xc /usr/lib/gcc/arm-none-eabi/5.4.1/../../../arm-none-eabi/lib/armv7e-m/fpu/libg.a(lib_a-atexit.o)
 .data          0x0000000000000000        0x0 /usr/lib/gcc/arm-none-eabi/5.4.1/../../../arm-none-eabi/lib/armv7e-m/fpu/libg.a(lib_a-atexit.o)
 .bss           0x0000000000000000        0x0 /usr/lib/gcc/arm-none-eabi/5.4.1/../../../arm-none-eabi/lib/armv7e-m/fpu/libg.a(lib_a-atexit.o)
 .debug_info    0x0000000000000000       0xfe /usr/lib/gcc/arm-none-eabi/5.4.1/../../../arm-none-eabi/lib/armv7e-m/fpu/libg.a(lib_a-atexit.o)
 .debug_abbrev  0x0000000000000000       0xaa /usr/lib/gcc/arm-none-eabi/5.4.1/../../../arm-none-eabi/lib/armv7e-m/fpu/libg.a(lib_a-atexit.o)
 .debug_loc     0x0000000000000000       0x2c /usr/lib/gcc/arm-none-eabi/5.4.1/../../../arm-none-eabi/lib/armv7e-m/fpu/libg.a(lib_a-atexit.o)
 .debug_aranges
                0x0000000000000000       0x20 /usr/lib/gcc/arm-none-eabi/5.4.1/../../../arm-none-eabi/lib/armv7e-m/fpu/libg.a(lib_a-atexit.o)
 .debug_line    0x0000000000000000       0xb8 /usr/lib/gcc/arm-none-eabi/5.4.1/../../../arm-none-eabi/lib/armv7e-m/fpu/libg.a(lib_a-atexit.o)
 .debug_str     0x0000000000000000      0x21a /usr/lib/gcc/arm-none-eabi/5.4.1/../../../arm-none-eabi/lib/armv7e-m/fpu/libg.a(lib_a-atexit.o)
 .comment       0x0000000000000000       0x2c /usr/lib/gcc/arm-none-eabi/5.4.1/../../../arm-none-eabi/lib/armv7e-m/fpu/libg.a(lib_a-atexit.o)
 .debug_frame   0x0000000000000000       0x20 /usr/lib/gcc/arm-none-eabi/5.4.1/../../../arm-none-eabi/lib/armv7e-m/fpu/libg.a(lib_a-atexit.o)
 .ARM.attributes
                0x0000000000000000       0x34 /usr/lib/gcc/arm-none-eabi/5.4.1/../../../arm-none-eabi/lib/armv7e-m/fpu/libg.a(lib_a-atexit.o)
 .text          0x0000000000000000       0x20 /usr/lib/gcc/arm-none-eabi/5.4.1/../../../arm-none-eabi/lib/armv7e-m/fpu/libg.a(lib_a-exit.o)
 .data          0x0000000000000000        0x0 /usr/lib/gcc/arm-none-eabi/5.4.1/../../../arm-none-eabi/lib/armv7e-m/fpu/libg.a(lib_a-exit.o)
 .bss           0x0000000000000000        0x0 /usr/lib/gcc/arm-none-eabi/5.4.1/../../../arm-none-eabi/lib/armv7e-m/fpu/libg.a(lib_a-exit.o)
 .debug_info    0x0000000000000000      0x8de /usr/lib/gcc/arm-none-eabi/5.4.1/../../../arm-none-eabi/lib/armv7e-m/fpu/libg.a(lib_a-exit.o)
 .debug_abbrev  0x0000000000000000      0x1d6 /usr/lib/gcc/arm-none-eabi/5.4.1/../../../arm-none-eabi/lib/armv7e-m/fpu/libg.a(lib_a-exit.o)
 .debug_loc     0x0000000000000000       0x1e /usr/lib/gcc/arm-none-eabi/5.4.1/../../../arm-none-eabi/lib/armv7e-m/fpu/libg.a(lib_a-exit.o)
 .debug_aranges
                0x0000000000000000       0x20 /usr/lib/gcc/arm-none-eabi/5.4.1/../../../arm-none-eabi/lib/armv7e-m/fpu/libg.a(lib_a-exit.o)
 .debug_line    0x0000000000000000      0x162 /usr/lib/gcc/arm-none-eabi/5.4.1/../../../arm-none-eabi/lib/armv7e-m/fpu/libg.a(lib_a-exit.o)
 .debug_str     0x0000000000000000      0x5b7 /usr/lib/gcc/arm-none-eabi/5.4.1/../../../arm-none-eabi/lib/armv7e-m/fpu/libg.a(lib_a-exit.o)
 .comment       0x0000000000000000       0x2c /usr/lib/gcc/arm-none-eabi/5.4.1/../../../arm-none-eabi/lib/armv7e-m/fpu/libg.a(lib_a-exit.o)
 .debug_frame   0x0000000000000000       0x28 /usr/lib/gcc/arm-none-eabi/5.4.1/../../../arm-none-eabi/lib/armv7e-m/fpu/libg.a(lib_a-exit.o)
 .ARM.attributes
                0x0000000000000000       0x34 /usr/lib/gcc/arm-none-eabi/5.4.1/../../../arm-none-eabi/lib/armv7e-m/fpu/libg.a(lib_a-exit.o)
 .text          0x0000000000000000       0x28 /usr/lib/gcc/arm-none-eabi/5.4.1/../../../arm-none-eabi/lib/armv7e-m/fpu/libg.a(lib_a-fini.o)
 .data          0x0000000000000000        0x0 /usr/lib/gcc/arm-none-eabi/5.4.1/../../../arm-none-eabi/lib/armv7e-m/fpu/libg.a(lib_a-fini.o)
 .bss           0x0000000000000000        0x0 /usr/lib/gcc/arm-none-eabi/5.4.1/../../../arm-none-eabi/lib/armv7e-m/fpu/libg.a(lib_a-fini.o)
 .debug_info    0x0000000000000000       0xfa /usr/lib/gcc/arm-none-eabi/5.4.1/../../../arm-none-eabi/lib/armv7e-m/fpu/libg.a(lib_a-fini.o)
 .debug_abbrev  0x0000000000000000       0xbd /usr/lib/gcc/arm-none-eabi/5.4.1/../../../arm-none-eabi/lib/armv7e-m/fpu/libg.a(lib_a-fini.o)
 .debug_loc     0x0000000000000000       0x5c /usr/lib/gcc/arm-none-eabi/5.4.1/../../../arm-none-eabi/lib/armv7e-m/fpu/libg.a(lib_a-fini.o)
 .debug_aranges
                0x0000000000000000       0x20 /usr/lib/gcc/arm-none-eabi/5.4.1/../../../arm-none-eabi/lib/armv7e-m/fpu/libg.a(lib_a-fini.o)
 .debug_line    0x0000000000000000       0x9f /usr/lib/gcc/arm-none-eabi/5.4.1/../../../arm-none-eabi/lib/armv7e-m/fpu/libg.a(lib_a-fini.o)
 .debug_str     0x0000000000000000      0x212 /usr/lib/gcc/arm-none-eabi/5.4.1/../../../arm-none-eabi/lib/armv7e-m/fpu/libg.a(lib_a-fini.o)
 .comment       0x0000000000000000       0x2c /usr/lib/gcc/arm-none-eabi/5.4.1/../../../arm-none-eabi/lib/armv7e-m/fpu/libg.a(lib_a-fini.o)
 .debug_frame   0x0000000000000000       0x34 /usr/lib/gcc/arm-none-eabi/5.4.1/../../../arm-none-eabi/lib/armv7e-m/fpu/libg.a(lib_a-fini.o)
 .ARM.attributes
                0x0000000000000000       0x34 /usr/lib/gcc/arm-none-eabi/5.4.1/../../../arm-none-eabi/lib/armv7e-m/fpu/libg.a(lib_a-fini.o)
 .text          0x0000000000000000        0x0 /usr/lib/gcc/arm-none-eabi/5.4.1/../../../arm-none-eabi/lib/armv7e-m/fpu/libg.a(lib_a-impure.o)
 .data          0x0000000000000000      0x430 /usr/lib/gcc/arm-none-eabi/5.4.1/../../../arm-none-eabi/lib/armv7e-m/fpu/libg.a(lib_a-impure.o)
 .bss           0x0000000000000000        0x0 /usr/lib/gcc/arm-none-eabi/5.4.1/../../../arm-none-eabi/lib/armv7e-m/fpu/libg.a(lib_a-impure.o)
 .rodata        0x0000000000000000        0x4 /usr/lib/gcc/arm-none-eabi/5.4.1/../../../arm-none-eabi/lib/armv7e-m/fpu/libg.a(lib_a-impure.o)
 .rodata.str1.4
                0x0000000000000000        0x2 /usr/lib/gcc/arm-none-eabi/5.4.1/../../../arm-none-eabi/lib/armv7e-m/fpu/libg.a(lib_a-impure.o)
 .debug_info    0x0000000000000000      0x89b /usr/lib/gcc/arm-none-eabi/5.4.1/../../../arm-none-eabi/lib/armv7e-m/fpu/libg.a(lib_a-impure.o)
 .debug_abbrev  0x0000000000000000      0x180 /usr/lib/gcc/arm-none-eabi/5.4.1/../../../arm-none-eabi/lib/armv7e-m/fpu/libg.a(lib_a-impure.o)
 .debug_aranges
                0x0000000000000000       0x18 /usr/lib/gcc/arm-none-eabi/5.4.1/../../../arm-none-eabi/lib/armv7e-m/fpu/libg.a(lib_a-impure.o)
 .debug_line    0x0000000000000000       0xe9 /usr/lib/gcc/arm-none-eabi/5.4.1/../../../arm-none-eabi/lib/armv7e-m/fpu/libg.a(lib_a-impure.o)
 .debug_str     0x0000000000000000      0x5ae /usr/lib/gcc/arm-none-eabi/5.4.1/../../../arm-none-eabi/lib/armv7e-m/fpu/libg.a(lib_a-impure.o)
 .comment       0x0000000000000000       0x2c /usr/lib/gcc/arm-none-eabi/5.4.1/../../../arm-none-eabi/lib/armv7e-m/fpu/libg.a(lib_a-impure.o)
 .ARM.attributes
                0x0000000000000000       0x34 /usr/lib/gcc/arm-none-eabi/5.4.1/../../../arm-none-eabi/lib/armv7e-m/fpu/libg.a(lib_a-impure.o)
 .text          0x0000000000000000       0x50 /usr/lib/gcc/arm-none-eabi/5.4.1/../../../arm-none-eabi/lib/armv7e-m/fpu/libg.a(lib_a-init.o)
 .data          0x0000000000000000        0x0 /usr/lib/gcc/arm-none-eabi/5.4.1/../../../arm-none-eabi/lib/armv7e-m/fpu/libg.a(lib_a-init.o)
 .bss           0x0000000000000000        0x0 /usr/lib/gcc/arm-none-eabi/5.4.1/../../../arm-none-eabi/lib/armv7e-m/fpu/libg.a(lib_a-init.o)
 .debug_info    0x0000000000000000      0x110 /usr/lib/gcc/arm-none-eabi/5.4.1/../../../arm-none-eabi/lib/armv7e-m/fpu/libg.a(lib_a-init.o)
 .debug_abbrev  0x0000000000000000       0xba /usr/lib/gcc/arm-none-eabi/5.4.1/../../../arm-none-eabi/lib/armv7e-m/fpu/libg.a(lib_a-init.o)
 .debug_loc     0x0000000000000000       0xae /usr/lib/gcc/arm-none-eabi/5.4.1/../../../arm-none-eabi/lib/armv7e-m/fpu/libg.a(lib_a-init.o)
 .debug_aranges
                0x0000000000000000       0x20 /usr/lib/gcc/arm-none-eabi/5.4.1/../../../arm-none-eabi/lib/armv7e-m/fpu/libg.a(lib_a-init.o)
 .debug_line    0x0000000000000000       0xb8 /usr/lib/gcc/arm-none-eabi/5.4.1/../../../arm-none-eabi/lib/armv7e-m/fpu/libg.a(lib_a-init.o)
 .debug_str     0x0000000000000000      0x23c /usr/lib/gcc/arm-none-eabi/5.4.1/../../../arm-none-eabi/lib/armv7e-m/fpu/libg.a(lib_a-init.o)
 .comment       0x0000000000000000       0x2c /usr/lib/gcc/arm-none-eabi/5.4.1/../../../arm-none-eabi/lib/armv7e-m/fpu/libg.a(lib_a-init.o)
 .debug_frame   0x0000000000000000       0x2c /usr/lib/gcc/arm-none-eabi/5.4.1/../../../arm-none-eabi/lib/armv7e-m/fpu/libg.a(lib_a-init.o)
 .ARM.attributes
                0x0000000000000000       0x34 /usr/lib/gcc/arm-none-eabi/5.4.1/../../../arm-none-eabi/lib/armv7e-m/fpu/libg.a(lib_a-init.o)
 .data          0x0000000000000000        0x0 /usr/lib/gcc/arm-none-eabi/5.4.1/../../../arm-none-eabi/lib/armv7e-m/fpu/libg.a(lib_a-itoa.o)
 .bss           0x0000000000000000        0x0 /usr/lib/gcc/arm-none-eabi/5.4.1/../../../arm-none-eabi/lib/armv7e-m/fpu/libg.a(lib_a-itoa.o)
 .text          0x0000000000000000       0x9c /usr/lib/gcc/arm-none-eabi/5.4.1/../../../arm-none-eabi/lib/armv7e-m/fpu/libg.a(lib_a-memset.o)
 .data          0x0000000000000000        0x0 /usr/lib/gcc/arm-none-eabi/5.4.1/../../../arm-none-eabi/lib/armv7e-m/fpu/libg.a(lib_a-memset.o)
 .bss           0x0000000000000000        0x0 /usr/lib/gcc/arm-none-eabi/5.4.1/../../../arm-none-eabi/lib/armv7e-m/fpu/libg.a(lib_a-memset.o)
 .debug_info    0x0000000000000000      0x11e /usr/lib/gcc/arm-none-eabi/5.4.1/../../../arm-none-eabi/lib/armv7e-m/fpu/libg.a(lib_a-memset.o)
 .debug_abbrev  0x0000000000000000       0x9f /usr/lib/gcc/arm-none-eabi/5.4.1/../../../arm-none-eabi/lib/armv7e-m/fpu/libg.a(lib_a-memset.o)
 .debug_loc     0x0000000000000000      0x1ae /usr/lib/gcc/arm-none-eabi/5.4.1/../../../arm-none-eabi/lib/armv7e-m/fpu/libg.a(lib_a-memset.o)
 .debug_aranges
                0x0000000000000000       0x20 /usr/lib/gcc/arm-none-eabi/5.4.1/../../../arm-none-eabi/lib/armv7e-m/fpu/libg.a(lib_a-memset.o)
 .debug_line    0x0000000000000000      0x111 /usr/lib/gcc/arm-none-eabi/5.4.1/../../../arm-none-eabi/lib/armv7e-m/fpu/libg.a(lib_a-memset.o)
 .debug_str     0x0000000000000000      0x1f1 /usr/lib/gcc/arm-none-eabi/5.4.1/../../../arm-none-eabi/lib/armv7e-m/fpu/libg.a(lib_a-memset.o)
 .comment       0x0000000000000000       0x2c /usr/lib/gcc/arm-none-eabi/5.4.1/../../../arm-none-eabi/lib/armv7e-m/fpu/libg.a(lib_a-memset.o)
 .debug_frame   0x0000000000000000       0x34 /usr/lib/gcc/arm-none-eabi/5.4.1/../../../arm-none-eabi/lib/armv7e-m/fpu/libg.a(lib_a-memset.o)
 .ARM.attributes
                0x0000000000000000       0x34 /usr/lib/gcc/arm-none-eabi/5.4.1/../../../arm-none-eabi/lib/armv7e-m/fpu/libg.a(lib_a-memset.o)
 .data          0x0000000000000000        0x0 /usr/lib/gcc/arm-none-eabi/5.4.1/../../../arm-none-eabi/lib/armv7e-m/fpu/libg.a(lib_a-utoa.o)
 .bss           0x0000000000000000        0x0 /usr/lib/gcc/arm-none-eabi/5.4.1/../../../arm-none-eabi/lib/armv7e-m/fpu/libg.a(lib_a-utoa.o)
 .text          0x0000000000000000       0xa4 /usr/lib/gcc/arm-none-eabi/5.4.1/../../../arm-none-eabi/lib/armv7e-m/fpu/libg.a(lib_a-__atexit.o)
 .data          0x0000000000000000        0x0 /usr/lib/gcc/arm-none-eabi/5.4.1/../../../arm-none-eabi/lib/armv7e-m/fpu/libg.a(lib_a-__atexit.o)
 .bss           0x0000000000000000        0x0 /usr/lib/gcc/arm-none-eabi/5.4.1/../../../arm-none-eabi/lib/armv7e-m/fpu/libg.a(lib_a-__atexit.o)
 .debug_info    0x0000000000000000      0x92e /usr/lib/gcc/arm-none-eabi/5.4.1/../../../arm-none-eabi/lib/armv7e-m/fpu/libg.a(lib_a-__atexit.o)
 .debug_abbrev  0x0000000000000000      0x20f /usr/lib/gcc/arm-none-eabi/5.4.1/../../../arm-none-eabi/lib/armv7e-m/fpu/libg.a(lib_a-__atexit.o)
 .debug_loc     0x0000000000000000      0x197 /usr/lib/gcc/arm-none-eabi/5.4.1/../../../arm-none-eabi/lib/armv7e-m/fpu/libg.a(lib_a-__atexit.o)
 .debug_aranges
                0x0000000000000000       0x20 /usr/lib/gcc/arm-none-eabi/5.4.1/../../../arm-none-eabi/lib/armv7e-m/fpu/libg.a(lib_a-__atexit.o)
 .debug_line    0x0000000000000000      0x184 /usr/lib/gcc/arm-none-eabi/5.4.1/../../../arm-none-eabi/lib/armv7e-m/fpu/libg.a(lib_a-__atexit.o)
 .debug_str     0x0000000000000000      0x5ef /usr/lib/gcc/arm-none-eabi/5.4.1/../../../arm-none-eabi/lib/armv7e-m/fpu/libg.a(lib_a-__atexit.o)
 .comment       0x0000000000000000       0x2c /usr/lib/gcc/arm-none-eabi/5.4.1/../../../arm-none-eabi/lib/armv7e-m/fpu/libg.a(lib_a-__atexit.o)
 .debug_frame   0x0000000000000000       0x34 /usr/lib/gcc/arm-none-eabi/5.4.1/../../../arm-none-eabi/lib/armv7e-m/fpu/libg.a(lib_a-__atexit.o)
 .ARM.attributes
                0x0000000000000000       0x34 /usr/lib/gcc/arm-none-eabi/5.4.1/../../../arm-none-eabi/lib/armv7e-m/fpu/libg.a(lib_a-__atexit.o)
 .text          0x0000000000000000       0xd8 /usr/lib/gcc/arm-none-eabi/5.4.1/../../../arm-none-eabi/lib/armv7e-m/fpu/libg.a(lib_a-__call_atexit.o)
 .data          0x0000000000000000        0x0 /usr/lib/gcc/arm-none-eabi/5.4.1/../../../arm-none-eabi/lib/armv7e-m/fpu/libg.a(lib_a-__call_atexit.o)
 .bss           0x0000000000000000        0x0 /usr/lib/gcc/arm-none-eabi/5.4.1/../../../arm-none-eabi/lib/armv7e-m/fpu/libg.a(lib_a-__call_atexit.o)
 .text.startup  0x0000000000000000       0x14 /usr/lib/gcc/arm-none-eabi/5.4.1/../../../arm-none-eabi/lib/armv7e-m/fpu/libg.a(lib_a-__call_atexit.o)
 .init_array.00000
                0x0000000000000000        0x4 /usr/lib/gcc/arm-none-eabi/5.4.1/../../../arm-none-eabi/lib/armv7e-m/fpu/libg.a(lib_a-__call_atexit.o)
 .debug_info    0x0000000000000000      0x9a5 /usr/lib/gcc/arm-none-eabi/5.4.1/../../../arm-none-eabi/lib/armv7e-m/fpu/libg.a(lib_a-__call_atexit.o)
 .debug_abbrev  0x0000000000000000      0x270 /usr/lib/gcc/arm-none-eabi/5.4.1/../../../arm-none-eabi/lib/armv7e-m/fpu/libg.a(lib_a-__call_atexit.o)
 .debug_loc     0x0000000000000000      0x17b /usr/lib/gcc/arm-none-eabi/5.4.1/../../../arm-none-eabi/lib/armv7e-m/fpu/libg.a(lib_a-__call_atexit.o)
 .debug_aranges
                0x0000000000000000       0x28 /usr/lib/gcc/arm-none-eabi/5.4.1/../../../arm-none-eabi/lib/armv7e-m/fpu/libg.a(lib_a-__call_atexit.o)
 .debug_ranges  0x0000000000000000       0x38 /usr/lib/gcc/arm-none-eabi/5.4.1/../../../arm-none-eabi/lib/armv7e-m/fpu/libg.a(lib_a-__call_atexit.o)
 .debug_line    0x0000000000000000      0x1b0 /usr/lib/gcc/arm-none-eabi/5.4.1/../../../arm-none-eabi/lib/armv7e-m/fpu/libg.a(lib_a-__call_atexit.o)
 .debug_str     0x0000000000000000      0x60e /usr/lib/gcc/arm-none-eabi/5.4.1/../../../arm-none-eabi/lib/armv7e-m/fpu/libg.a(lib_a-__call_atexit.o)
 .comment       0x0000000000000000       0x2c /usr/lib/gcc/arm-none-eabi/5.4.1/../../../arm-none-eabi/lib/armv7e-m/fpu/libg.a(lib_a-__call_atexit.o)
 .debug_frame   0x0000000000000000       0x50 /usr/lib/gcc/arm-none-eabi/5.4.1/../../../arm-none-eabi/lib/armv7e-m/fpu/libg.a(lib_a-__call_atexit.o)
 .ARM.attributes
                0x0000000000000000       0x34 /usr/lib/gcc/arm-none-eabi/5.4.1/../../../arm-none-eabi/lib/armv7e-m/fpu/libg.a(lib_a-__call_atexit.o)
 .text          0x0000000000000000        0x0 /usr/lib/gcc/arm-none-eabi/5.4.1/armv7e-m/fpu/crtend.o
 .data          0x0000000000000000        0x0 /usr/lib/gcc/arm-none-eabi/5.4.1/armv7e-m/fpu/crtend.o
 .bss           0x0000000000000000        0x0 /usr/lib/gcc/arm-none-eabi/5.4.1/armv7e-m/fpu/crtend.o
 .eh_frame      0x0000000000000000        0x4 /usr/lib/gcc/arm-none-eabi/5.4.1/armv7e-m/fpu/crtend.o
 .jcr           0x0000000000000000        0x4 /usr/lib/gcc/arm-none-eabi/5.4.1/armv7e-m/fpu/crtend.o
 .tm_clone_table
                0x0000000000000000        0x0 /usr/lib/gcc/arm-none-eabi/5.4.1/armv7e-m/fpu/crtend.o
 .comment       0x0000000000000000       0x2c /usr/lib/gcc/arm-none-eabi/5.4.1/armv7e-m/fpu/crtend.o
 .ARM.attributes
                0x0000000000000000       0x34 /usr/lib/gcc/arm-none-eabi/5.4.1/armv7e-m/fpu/crtend.o
 .text          0x0000000000000000        0x0 /usr/lib/gcc/arm-none-eabi/5.4.1/armv7e-m/fpu/crtn.o
 .data          0x0000000000000000        0x0 /usr/lib/gcc/arm-none-eabi/5.4.1/armv7e-m/fpu/crtn.o
 .bss           0x0000000000000000        0x0 /usr/lib/gcc/arm-none-eabi/5.4.1/armv7e-m/fpu/crtn.o

Memory Configuration

Name             Origin             Length             Attributes
FLASH            0x0000000000000000 0x0000000000040000 xr
SRAM             0x0000000020000000 0x0000000000008000 xrw
*default*        0x0000000000000000 0xffffffffffffffff

Linker script and memory map

LOAD /usr/lib/gcc/arm-none-eabi/5.4.1/armv7e-m/fpu/crti.o
LOAD /usr/lib/gcc/arm-none-eabi/5.4.1/armv7e-m/fpu/crtbegin.o
LOAD /usr/lib/gcc/arm-none-eabi/5.4.1/../../../arm-none-eabi/lib/armv7e-m/fpu/crt0.o
LOAD ./src/main.o
LOAD ./src/startup_gcc.o
LOAD ./SW-EK-TM4C123GXL-2.1.4.178/utils/uartstdio.o
LOAD /home/student/eclipse-workspace/Tiva_C_LaunchPad/SW-EK-TM4C123GXL-2.1.4.178/driverlib/gcc/libdriver.a
START GROUP
LOAD /usr/lib/gcc/arm-none-eabi/5.4.1/armv7e-m/fpu/libgcc.a
LOAD /usr/lib/gcc/arm-none-eabi/5.4.1/../../../arm-none-eabi/lib/armv7e-m/fpu/libg.a
LOAD /usr/lib/gcc/arm-none-eabi/5.4.1/../../../arm-none-eabi/lib/armv7e-m/fpu/libc.a
END GROUP
LOAD /usr/lib/gcc/arm-none-eabi/5.4.1/armv7e-m/fpu/crtend.o
LOAD /usr/lib/gcc/arm-none-eabi/5.4.1/armv7e-m/fpu/crtn.o

.text           0x0000000000000000     0x1374
                0x0000000000000000                _text = .
 *(.isr_vector)
 .isr_vector    0x0000000000000000      0x26c ./src/startup_gcc.o
                0x0000000000000000                g_pfnVectors
 *(.text*)
 .text.init_port
                0x000000000000026c       0xd8 ./src/main.o
                0x000000000000026c                init_port
 .text.Lcd_init
                0x0000000000000344      0x108 ./src/main.o
                0x0000000000000344                Lcd_init
 .text.Lcd_Goto
                0x000000000000044c       0x68 ./src/main.o
                0x000000000000044c                Lcd_Goto
 .text.Lcd_Temizle
                0x00000000000004b4       0x18 ./src/main.o
                0x00000000000004b4                Lcd_Temizle
 .text.Lcd_Puts
                0x00000000000004cc       0x30 ./src/main.o
                0x00000000000004cc                Lcd_Puts
 .text.Lcd_Putch
                0x00000000000004fc       0xb8 ./src/main.o
                0x00000000000004fc                Lcd_Putch
 .text.hesapla  0x00000000000005b4      0x3d4 ./src/main.o
                0x00000000000005b4                hesapla
 .text.Lcd_sayi
                0x0000000000000988       0x38 ./src/main.o
                0x0000000000000988                Lcd_sayi
 .text.parayazdir
                0x00000000000009c0       0xc0 ./src/main.o
                0x00000000000009c0                parayazdir
 .text.main     0x0000000000000a80      0x29c ./src/main.o
                0x0000000000000a80                main
 .text.ResetISR
                0x0000000000000d1c       0x6c ./src/startup_gcc.o
                0x0000000000000d1c                ResetISR
 .text.NmiSR    0x0000000000000d88        0x8 ./src/startup_gcc.o
 .text.FaultISR
                0x0000000000000d90        0x8 ./src/startup_gcc.o
 .text.IntDefaultHandler
                0x0000000000000d98        0x8 ./src/startup_gcc.o
 .text.GPIODirModeSet
                0x0000000000000da0       0x2e /home/student/eclipse-workspace/Tiva_C_LaunchPad/SW-EK-TM4C123GXL-2.1.4.178/driverlib/gcc/libdriver.a(gpio.o)
                0x0000000000000da0                GPIODirModeSet
 .text.GPIOPadConfigSet
                0x0000000000000dce      0x130 /home/student/eclipse-workspace/Tiva_C_LaunchPad/SW-EK-TM4C123GXL-2.1.4.178/driverlib/gcc/libdriver.a(gpio.o)
                0x0000000000000dce                GPIOPadConfigSet
 .text.GPIOPinWrite
                0x0000000000000efe        0x6 /home/student/eclipse-workspace/Tiva_C_LaunchPad/SW-EK-TM4C123GXL-2.1.4.178/driverlib/gcc/libdriver.a(gpio.o)
                0x0000000000000efe                GPIOPinWrite
 .text.GPIOPinTypeGPIOOutput
                0x0000000000000f04       0x1c /home/student/eclipse-workspace/Tiva_C_LaunchPad/SW-EK-TM4C123GXL-2.1.4.178/driverlib/gcc/libdriver.a(gpio.o)
                0x0000000000000f04                GPIOPinTypeGPIOOutput
 .text.SysCtlPeripheralEnable
                0x0000000000000f20       0x22 /home/student/eclipse-workspace/Tiva_C_LaunchPad/SW-EK-TM4C123GXL-2.1.4.178/driverlib/gcc/libdriver.a(sysctl.o)
                0x0000000000000f20                SysCtlPeripheralEnable
 .text.SysCtlDelay
                0x0000000000000f42        0x8 /home/student/eclipse-workspace/Tiva_C_LaunchPad/SW-EK-TM4C123GXL-2.1.4.178/driverlib/gcc/libdriver.a(sysctl.o)
                0x0000000000000f42                SysCtlDelay
 *fill*         0x0000000000000f4a        0x2 
 .text.SysCtlClockSet
                0x0000000000000f4c      0x11c /home/student/eclipse-workspace/Tiva_C_LaunchPad/SW-EK-TM4C123GXL-2.1.4.178/driverlib/gcc/libdriver.a(sysctl.o)
                0x0000000000000f4c                SysCtlClockSet
 .text.SysCtlClockGet
                0x0000000000001068      0x12c /home/student/eclipse-workspace/Tiva_C_LaunchPad/SW-EK-TM4C123GXL-2.1.4.178/driverlib/gcc/libdriver.a(sysctl.o)
                0x0000000000001068                SysCtlClockGet
 .text          0x0000000000001194       0x34 /usr/lib/gcc/arm-none-eabi/5.4.1/../../../arm-none-eabi/lib/armv7e-m/fpu/libg.a(lib_a-itoa.o)
                0x0000000000001194                __itoa
                0x00000000000011c4                itoa
 .text          0x00000000000011c8       0x84 /usr/lib/gcc/arm-none-eabi/5.4.1/../../../arm-none-eabi/lib/armv7e-m/fpu/libg.a(lib_a-utoa.o)
                0x00000000000011c8                __utoa
                0x0000000000001248                utoa
 *(.rodata*)
 .rodata        0x000000000000124c       0x7b ./src/main.o
 *fill*         0x00000000000012c7        0x1 
 .rodata.g_pui32Xtals
                0x00000000000012c8       0x6c /home/student/eclipse-workspace/Tiva_C_LaunchPad/SW-EK-TM4C123GXL-2.1.4.178/driverlib/gcc/libdriver.a(sysctl.o)
 .rodata.str1.4
                0x0000000000001334       0x28 /usr/lib/gcc/arm-none-eabi/5.4.1/../../../arm-none-eabi/lib/armv7e-m/fpu/libg.a(lib_a-utoa.o)
                                         0x25 (size before relaxing)
 *(.init)
 .init          0x000000000000135c        0x4 /usr/lib/gcc/arm-none-eabi/5.4.1/armv7e-m/fpu/crti.o
                0x000000000000135c                _init
 .init          0x0000000000001360        0x8 /usr/lib/gcc/arm-none-eabi/5.4.1/armv7e-m/fpu/crtn.o
 *(.fini)
 .fini          0x0000000000001368        0x4 /usr/lib/gcc/arm-none-eabi/5.4.1/armv7e-m/fpu/crti.o
                0x0000000000001368                _fini
 .fini          0x000000000000136c        0x8 /usr/lib/gcc/arm-none-eabi/5.4.1/armv7e-m/fpu/crtn.o
                0x0000000000001374                _etext = .

.glue_7         0x0000000000001374        0x0
 .glue_7        0x0000000000001374        0x0 linker stubs

.glue_7t        0x0000000000001374        0x0
 .glue_7t       0x0000000000001374        0x0 linker stubs

.vfp11_veneer   0x0000000000001374        0x0
 .vfp11_veneer  0x0000000000001374        0x0 linker stubs

.v4_bx          0x0000000000001374        0x0
 .v4_bx         0x0000000000001374        0x0 linker stubs

.iplt           0x0000000000001374        0x0
 .iplt          0x0000000000001374        0x0 /usr/lib/gcc/arm-none-eabi/5.4.1/armv7e-m/fpu/crtbegin.o

.rel.dyn        0x0000000000001374        0x0
 .rel.iplt      0x0000000000001374        0x0 /usr/lib/gcc/arm-none-eabi/5.4.1/armv7e-m/fpu/crtbegin.o

.data           0x0000000020000000        0x0 load address 0x0000000000001374
                0x0000000020000000                _data = .
                0x0000000000001374                _ldata = LOADADDR (.data)
 *(vtable)
 *(.data*)
                0x0000000020000000                _edata = .

.igot.plt       0x0000000020000000        0x0
 .igot.plt      0x0000000020000000        0x0 /usr/lib/gcc/arm-none-eabi/5.4.1/armv7e-m/fpu/crtbegin.o

.bss            0x0000000020000000      0x13c
                0x0000000020000000                _bss = .
 *(.bss*)
 .bss.sayi1     0x0000000020000000        0x4 ./src/main.o
                0x0000000020000000                sayi1
 .bss.sayi2     0x0000000020000004        0x4 ./src/main.o
                0x0000000020000004                sayi2
 .bss.sayi3     0x0000000020000008        0x4 ./src/main.o
                0x0000000020000008                sayi3
 .bss.sayi4     0x000000002000000c        0x4 ./src/main.o
                0x000000002000000c                sayi4
 .bss.paratam   0x0000000020000010        0x4 ./src/main.o
                0x0000000020000010                paratam
 .bss.parakurus
                0x0000000020000014        0x4 ./src/main.o
                0x0000000020000014                parakurus
 .bss.pui32Stack
                0x0000000020000018      0x100 ./src/startup_gcc.o
 *(COMMON)
 COMMON         0x0000000020000118       0x24 ./src/main.o
                0x0000000020000118                beslik
                0x000000002000011c                metelik
                0x0000000020000120                yirmilik
                0x0000000020000124                kurusluk
                0x0000000020000128                birlik
                0x000000002000012c                onluk
                0x0000000020000130                ceyreklik
                0x0000000020000134                delik
                0x0000000020000138                yarimlik
                0x000000002000013c                _ebss = .
OUTPUT(Tiva_C_LaunchPad.elf elf32-littlearm)

.ARM.attributes
                0x0000000000000000       0x30
 .ARM.attributes
                0x0000000000000000       0x22 /usr/lib/gcc/arm-none-eabi/5.4.1/armv7e-m/fpu/crti.o
 .ARM.attributes
                0x0000000000000022       0x39 ./src/main.o
 .ARM.attributes
                0x000000000000005b       0x39 ./src/startup_gcc.o
 .ARM.attributes
                0x0000000000000094       0x3b /home/student/eclipse-workspace/Tiva_C_LaunchPad/SW-EK-TM4C123GXL-2.1.4.178/driverlib/gcc/libdriver.a(gpio.o)
 .ARM.attributes
                0x00000000000000cf       0x3b /home/student/eclipse-workspace/Tiva_C_LaunchPad/SW-EK-TM4C123GXL-2.1.4.178/driverlib/gcc/libdriver.a(sysctl.o)
 .ARM.attributes
                0x000000000000010a       0x34 /usr/lib/gcc/arm-none-eabi/5.4.1/../../../arm-none-eabi/lib/armv7e-m/fpu/libg.a(lib_a-itoa.o)
 .ARM.attributes
                0x000000000000013e       0x34 /usr/lib/gcc/arm-none-eabi/5.4.1/../../../arm-none-eabi/lib/armv7e-m/fpu/libg.a(lib_a-utoa.o)
 .ARM.attributes
                0x0000000000000172       0x22 /usr/lib/gcc/arm-none-eabi/5.4.1/armv7e-m/fpu/crtn.o

.comment        0x0000000000000000       0x9b
 .comment       0x0000000000000000       0x2b ./src/main.o
                                         0x2c (size before relaxing)
 .comment       0x000000000000002b       0x2c ./src/startup_gcc.o
 .comment       0x000000000000002b       0x70 /home/student/eclipse-workspace/Tiva_C_LaunchPad/SW-EK-TM4C123GXL-2.1.4.178/driverlib/gcc/libdriver.a(gpio.o)
                                         0x71 (size before relaxing)
 .comment       0x000000000000009b       0x71 /home/student/eclipse-workspace/Tiva_C_LaunchPad/SW-EK-TM4C123GXL-2.1.4.178/driverlib/gcc/libdriver.a(sysctl.o)
 .comment       0x000000000000009b       0x2c /usr/lib/gcc/arm-none-eabi/5.4.1/../../../arm-none-eabi/lib/armv7e-m/fpu/libg.a(lib_a-itoa.o)
 .comment       0x000000000000009b       0x2c /usr/lib/gcc/arm-none-eabi/5.4.1/../../../arm-none-eabi/lib/armv7e-m/fpu/libg.a(lib_a-utoa.o)

.debug_info     0x0000000000000000      0x994
 .debug_info    0x0000000000000000      0x530 ./src/main.o
 .debug_info    0x0000000000000530      0x172 ./src/startup_gcc.o
 .debug_info    0x00000000000006a2      0x164 /usr/lib/gcc/arm-none-eabi/5.4.1/../../../arm-none-eabi/lib/armv7e-m/fpu/libg.a(lib_a-itoa.o)
 .debug_info    0x0000000000000806      0x18e /usr/lib/gcc/arm-none-eabi/5.4.1/../../../arm-none-eabi/lib/armv7e-m/fpu/libg.a(lib_a-utoa.o)

.debug_abbrev   0x0000000000000000      0x3ee
 .debug_abbrev  0x0000000000000000      0x173 ./src/main.o
 .debug_abbrev  0x0000000000000173       0xd3 ./src/startup_gcc.o
 .debug_abbrev  0x0000000000000246       0xc1 /usr/lib/gcc/arm-none-eabi/5.4.1/../../../arm-none-eabi/lib/armv7e-m/fpu/libg.a(lib_a-itoa.o)
 .debug_abbrev  0x0000000000000307       0xe7 /usr/lib/gcc/arm-none-eabi/5.4.1/../../../arm-none-eabi/lib/armv7e-m/fpu/libg.a(lib_a-utoa.o)

.debug_aranges  0x0000000000000000       0xe0
 .debug_aranges
                0x0000000000000000       0x68 ./src/main.o
 .debug_aranges
                0x0000000000000068       0x38 ./src/startup_gcc.o
 .debug_aranges
                0x00000000000000a0       0x20 /usr/lib/gcc/arm-none-eabi/5.4.1/../../../arm-none-eabi/lib/armv7e-m/fpu/libg.a(lib_a-itoa.o)
 .debug_aranges
                0x00000000000000c0       0x20 /usr/lib/gcc/arm-none-eabi/5.4.1/../../../arm-none-eabi/lib/armv7e-m/fpu/libg.a(lib_a-utoa.o)

.debug_ranges   0x0000000000000000       0x80
 .debug_ranges  0x0000000000000000       0x58 ./src/main.o
 .debug_ranges  0x0000000000000058       0x28 ./src/startup_gcc.o

.debug_macro    0x0000000000000000    0x100ad
 .debug_macro   0x0000000000000000      0x2a1 ./src/main.o
 .debug_macro   0x00000000000002a1      0x880 ./src/main.o
 .debug_macro   0x0000000000000b21     0xb522 ./src/main.o
 .debug_macro   0x000000000000c043       0x22 ./src/main.o
 .debug_macro   0x000000000000c065       0x22 ./src/main.o
 .debug_macro   0x000000000000c087       0x87 ./src/main.o
 .debug_macro   0x000000000000c10e       0x44 ./src/main.o
 .debug_macro   0x000000000000c152       0xfd ./src/main.o
 .debug_macro   0x000000000000c24f       0x5e ./src/main.o
 .debug_macro   0x000000000000c2ad      0x1df ./src/main.o
 .debug_macro   0x000000000000c48c       0x52 ./src/main.o
 .debug_macro   0x000000000000c4de       0x35 ./src/main.o
 .debug_macro   0x000000000000c513       0x9c ./src/main.o
 .debug_macro   0x000000000000c5af       0x16 ./src/main.o
 .debug_macro   0x000000000000c5c5       0x97 ./src/main.o
 .debug_macro   0x000000000000c65c      0x30d ./src/main.o
 .debug_macro   0x000000000000c969       0xfd ./src/main.o
 .debug_macro   0x000000000000ca66       0x10 ./src/main.o
 .debug_macro   0x000000000000ca76       0x52 ./src/main.o
 .debug_macro   0x000000000000cac8       0x1f ./src/main.o
 .debug_macro   0x000000000000cae7       0x43 ./src/main.o
 .debug_macro   0x000000000000cb2a       0x20 ./src/main.o
 .debug_macro   0x000000000000cb4a      0x187 ./src/main.o
 .debug_macro   0x000000000000ccd1       0x10 ./src/main.o
 .debug_macro   0x000000000000cce1       0x1c ./src/main.o
 .debug_macro   0x000000000000ccfd       0x52 ./src/main.o
 .debug_macro   0x000000000000cd4f       0x40 ./src/main.o
 .debug_macro   0x000000000000cd8f       0x10 ./src/main.o
 .debug_macro   0x000000000000cd9f       0x40 ./src/main.o
 .debug_macro   0x000000000000cddf       0xd7 ./src/main.o
 .debug_macro   0x000000000000ceb6       0x16 ./src/main.o
 .debug_macro   0x000000000000cecc      0x189 ./src/main.o
 .debug_macro   0x000000000000d055       0x16 ./src/main.o
 .debug_macro   0x000000000000d06b       0x35 ./src/main.o
 .debug_macro   0x000000000000d0a0       0x16 ./src/main.o
 .debug_macro   0x000000000000d0b6       0x29 ./src/main.o
 .debug_macro   0x000000000000d0df       0x16 ./src/main.o
 .debug_macro   0x000000000000d0f5       0x10 ./src/main.o
 .debug_macro   0x000000000000d105      0x45d ./src/main.o
 .debug_macro   0x000000000000d562      0x946 ./src/main.o
 .debug_macro   0x000000000000dea8       0x67 ./src/main.o
 .debug_macro   0x000000000000df0f      0x25e ./src/main.o
 .debug_macro   0x000000000000e16d      0xa88 ./src/main.o
 .debug_macro   0x000000000000ebf5      0x101 ./src/main.o
 .debug_macro   0x000000000000ecf6       0x75 ./src/startup_gcc.o
 .debug_macro   0x000000000000ed6b     0x1342 ./src/startup_gcc.o

.debug_line     0x0000000000000000      0x89e
 .debug_line    0x0000000000000000      0x502 ./src/main.o
 .debug_line    0x0000000000000502      0x1d8 ./src/startup_gcc.o
 .debug_line    0x00000000000006da       0xc6 /usr/lib/gcc/arm-none-eabi/5.4.1/../../../arm-none-eabi/lib/armv7e-m/fpu/libg.a(lib_a-itoa.o)
 .debug_line    0x00000000000007a0       0xfe /usr/lib/gcc/arm-none-eabi/5.4.1/../../../arm-none-eabi/lib/armv7e-m/fpu/libg.a(lib_a-utoa.o)

.debug_str      0x0000000000000000    0x490a9
 .debug_str     0x0000000000000000    0x4802d ./src/main.o
                                      0x4822d (size before relaxing)
 .debug_str     0x000000000004802d      0xef3 ./src/startup_gcc.o
                                       0x8729 (size before relaxing)
 .debug_str     0x0000000000048f20      0x149 /usr/lib/gcc/arm-none-eabi/5.4.1/../../../arm-none-eabi/lib/armv7e-m/fpu/libg.a(lib_a-itoa.o)
                                        0x1f2 (size before relaxing)
 .debug_str     0x0000000000049069       0x40 /usr/lib/gcc/arm-none-eabi/5.4.1/../../../arm-none-eabi/lib/armv7e-m/fpu/libg.a(lib_a-utoa.o)
                                        0x1f5 (size before relaxing)

.debug_frame    0x0000000000000000      0x26c
 .debug_frame   0x0000000000000000      0x168 ./src/main.o
 .debug_frame   0x0000000000000168       0x7c ./src/startup_gcc.o
 .debug_frame   0x00000000000001e4       0x3c /usr/lib/gcc/arm-none-eabi/5.4.1/../../../arm-none-eabi/lib/armv7e-m/fpu/libg.a(lib_a-itoa.o)
 .debug_frame   0x0000000000000220       0x4c /usr/lib/gcc/arm-none-eabi/5.4.1/../../../arm-none-eabi/lib/armv7e-m/fpu/libg.a(lib_a-utoa.o)

.debug_loc      0x0000000000000000      0x315
 .debug_loc     0x0000000000000000      0x161 /usr/lib/gcc/arm-none-eabi/5.4.1/../../../arm-none-eabi/lib/armv7e-m/fpu/libg.a(lib_a-itoa.o)
 .debug_loc     0x0000000000000161      0x1b4 /usr/lib/gcc/arm-none-eabi/5.4.1/../../../arm-none-eabi/lib/armv7e-m/fpu/libg.a(lib_a-utoa.o)
